Component: ARM Compiler 5.06 update 4 (build 422) Tool: armlink [4d35d2]

==============================================================================

Section Cross References

    startup_stm32f103xb.o(RESET) refers to startup_stm32f103xb.o(STACK) for __initial_sp
    startup_stm32f103xb.o(RESET) refers to startup_stm32f103xb.o(.text) for Reset_Handler
    startup_stm32f103xb.o(RESET) refers to stm32f1xx_it.o(i.NMI_Handler) for NMI_Handler
    startup_stm32f103xb.o(RESET) refers to stm32f1xx_it.o(i.HardFault_Handler) for HardFault_Handler
    startup_stm32f103xb.o(RESET) refers to stm32f1xx_it.o(i.MemManage_Handler) for MemManage_Handler
    startup_stm32f103xb.o(RESET) refers to stm32f1xx_it.o(i.BusFault_Handler) for BusFault_Handler
    startup_stm32f103xb.o(RESET) refers to stm32f1xx_it.o(i.UsageFault_Handler) for UsageFault_Handler
    startup_stm32f103xb.o(RESET) refers to stm32f1xx_it.o(i.SVC_Handler) for SVC_Handler
    startup_stm32f103xb.o(RESET) refers to stm32f1xx_it.o(i.DebugMon_Handler) for DebugMon_Handler
    startup_stm32f103xb.o(RESET) refers to stm32f1xx_it.o(i.PendSV_Handler) for PendSV_Handler
    startup_stm32f103xb.o(RESET) refers to stm32f1xx_it.o(i.SysTick_Handler) for SysTick_Handler
    startup_stm32f103xb.o(RESET) refers to stm32f1xx_it.o(i.EXTI0_IRQHandler) for EXTI0_IRQHandler
    startup_stm32f103xb.o(RESET) refers to stm32f1xx_it.o(i.EXTI3_IRQHandler) for EXTI3_IRQHandler
    startup_stm32f103xb.o(RESET) refers to stm32f1xx_it.o(i.EXTI4_IRQHandler) for EXTI4_IRQHandler
    startup_stm32f103xb.o(RESET) refers to stm32f1xx_it.o(i.USB_LP_CAN1_RX0_IRQHandler) for USB_LP_CAN1_RX0_IRQHandler
    startup_stm32f103xb.o(RESET) refers to stm32f1xx_it.o(i.EXTI9_5_IRQHandler) for EXTI9_5_IRQHandler
    startup_stm32f103xb.o(RESET) refers to stm32f1xx_it.o(i.TIM3_IRQHandler) for TIM3_IRQHandler
    startup_stm32f103xb.o(RESET) refers to stm32f1xx_it.o(i.TIM4_IRQHandler) for TIM4_IRQHandler
    startup_stm32f103xb.o(RESET) refers to stm32f1xx_it.o(i.EXTI15_10_IRQHandler) for EXTI15_10_IRQHandler
    startup_stm32f103xb.o(.text) refers to system_stm32f1xx.o(i.SystemInit) for SystemInit
    startup_stm32f103xb.o(.text) refers to entry.o(.ARM.Collect$$$$00000000) for __main
    mpu9250_spi.o(i.disableDataReadyInterrupt) refers to mpu9250_spi.o(i.writeRegister) for writeRegister
    mpu9250_spi.o(i.disableDataReadyInterrupt) refers to mpu9250_spi.o(.data) for .data
    mpu9250_spi.o(i.enableDataReadyInterrupt) refers to mpu9250_spi.o(i.writeRegister) for writeRegister
    mpu9250_spi.o(i.enableDataReadyInterrupt) refers to mpu9250_spi.o(.data) for .data
    mpu9250_spi.o(i.mpu9250ReadReg) refers to stm32f1xx_hal_spi.o(i.HAL_SPI_Init) for HAL_SPI_Init
    mpu9250_spi.o(i.mpu9250ReadReg) refers to stm32f1xx_hal_gpio.o(i.HAL_GPIO_WritePin) for HAL_GPIO_WritePin
    mpu9250_spi.o(i.mpu9250ReadReg) refers to stm32f1xx_hal_spi.o(i.HAL_SPI_Transmit) for HAL_SPI_Transmit
    mpu9250_spi.o(i.mpu9250ReadReg) refers to stm32f1xx_hal_spi.o(i.HAL_SPI_Receive) for HAL_SPI_Receive
    mpu9250_spi.o(i.mpu9250ReadReg) refers to mpu9250_spi.o(.data) for .data
    mpu9250_spi.o(i.mpu9250ReadReg) refers to main.o(.bss) for hspi1
    mpu9250_spi.o(i.mpu9250WriteReg) refers to stm32f1xx_hal_spi.o(i.HAL_SPI_Init) for HAL_SPI_Init
    mpu9250_spi.o(i.mpu9250WriteReg) refers to stm32f1xx_hal_gpio.o(i.HAL_GPIO_WritePin) for HAL_GPIO_WritePin
    mpu9250_spi.o(i.mpu9250WriteReg) refers to stm32f1xx_hal_spi.o(i.HAL_SPI_Transmit) for HAL_SPI_Transmit
    mpu9250_spi.o(i.mpu9250WriteReg) refers to main.o(.bss) for hspi1
    mpu9250_spi.o(i.mpuBegin) refers to mpu9250_spi.o(i.writeRegister) for writeRegister
    mpu9250_spi.o(i.mpuBegin) refers to mpu9250_spi.o(i.writeAK8963Register) for writeAK8963Register
    mpu9250_spi.o(i.mpuBegin) refers to stm32f1xx_hal.o(i.HAL_Delay) for HAL_Delay
    mpu9250_spi.o(i.mpuBegin) refers to mpu9250_spi.o(i.whoAmI) for whoAmI
    mpu9250_spi.o(i.mpuBegin) refers to mpu9250_spi.o(i.whoAmIAK8963) for whoAmIAK8963
    mpu9250_spi.o(i.mpuBegin) refers to mpu9250_spi.o(i.readAK8963Registers) for readAK8963Registers
    mpu9250_spi.o(i.mpuBegin) refers to mpu9250_spi.o(.bss) for .bss
    mpu9250_spi.o(i.mpuMyCustomConfig) refers to mpu9250_spi.o(i.writeRegister) for writeRegister
    mpu9250_spi.o(i.mpuReadSensor) refers to mpu9250_spi.o(i.readRegisters) for readRegisters
    mpu9250_spi.o(i.mpuReadSensor) refers to mpu9250_spi.o(.data) for .data
    mpu9250_spi.o(i.mpuReadSensor) refers to mpu9250_spi.o(.bss) for .bss
    mpu9250_spi.o(i.readAK8963Registers) refers to mpu9250_spi.o(i.writeRegister) for writeRegister
    mpu9250_spi.o(i.readAK8963Registers) refers to stm32f1xx_hal.o(i.HAL_Delay) for HAL_Delay
    mpu9250_spi.o(i.readAK8963Registers) refers to mpu9250_spi.o(i.readRegisters) for readRegisters
    mpu9250_spi.o(i.readRegisters) refers to mpu9250_spi.o(i.mpu9250ReadReg) for mpu9250ReadReg
[...]
    .text                                    0x08000348   Section        0  strtol.o(.text)
    .text                                    0x080003b8   Section        0  iusefp.o(.text)
    .text                                    0x080003b8   Section        0  fepilogue.o(.text)
    .text                                    0x08000428   Section       36  init.o(.text)
    .text                                    0x0800044c   Section        0  ctype_o.o(.text)
    .text                                    0x08000454   Section        0  _strtoul.o(.text)
    .text                                    0x080004f2   Section        0  _chval.o(.text)
    .text                                    0x0800050e   Section        0  __dczerorl2.o(.text)
    i.BusFault_Handler                       0x08000564   Section        0  stm32f1xx_it.o(i.BusFault_Handler)
    i.CDC_Control_FS                         0x08000568   Section        0  usbd_cdc_if.o(i.CDC_Control_FS)
    CDC_Control_FS                           0x08000569   Thumb Code    32  usbd_cdc_if.o(i.CDC_Control_FS)
    i.CDC_DeInit_FS                          0x0800058c   Section        0  usbd_cdc_if.o(i.CDC_DeInit_FS)
    CDC_DeInit_FS                            0x0800058d   Thumb Code     4  usbd_cdc_if.o(i.CDC_DeInit_FS)
    i.CDC_Init_FS                            0x08000590   Section        0  usbd_cdc_if.o(i.CDC_Init_FS)
    CDC_Init_FS                              0x08000591   Thumb Code    24  usbd_cdc_if.o(i.CDC_Init_FS)
    i.CDC_Receive_FS                         0x080005b4   Section        0  usbd_cdc_if.o(i.CDC_Receive_FS)
    CDC_Receive_FS                           0x080005b5   Thumb Code    94  usbd_cdc_if.o(i.CDC_Receive_FS)
    i.CDC_Transmit_FS                        0x08000620   Section        0  usbd_cdc_if.o(i.CDC_Transmit_FS)
    i.DebugMon_Handler                       0x0800064c   Section        0  stm32f1xx_it.o(i.DebugMon_Handler)
    i.EXTI0_IRQHandler                       0x08000650   Section        0  stm32f1xx_it.o(i.EXTI0_IRQHandler)
    i.EXTI15_10_IRQHandler                   0x08000660   Section        0  stm32f1xx_it.o(i.EXTI15_10_IRQHandler)
    i.EXTI3_IRQHandler                       0x0800068e   Section        0  stm32f1xx_it.o(i.EXTI3_IRQHandler)
    i.EXTI4_IRQHandler                       0x08000694   Section        0  stm32f1xx_it.o(i.EXTI4_IRQHandler)
    i.EXTI9_5_IRQHandler                     0x0800069a   Section        0  stm32f1xx_it.o(i.EXTI9_5_IRQHandler)
    i.Error_Handler                          0x080006b0   Section        0  main.o(i.Error_Handler)
    i.HAL_Delay                              0x080006b4   Section        0  stm32f1xx_hal.o(i.HAL_Delay)
    i.HAL_GPIO_EXTI_Callback                 0x080006d8   Section        0  main.o(i.HAL_GPIO_EXTI_Callback)
    i.HAL_GPIO_EXTI_IRQHandler               0x08000870   Section        0  stm32f1xx_hal_gpio.o(i.HAL_GPIO_EXTI_IRQHandler)
    i.HAL_GPIO_Init                          0x08000888   Section        0  stm32f1xx_hal_gpio.o(i.HAL_GPIO_Init)
    i.HAL_GPIO_ReadPin                       0x08000a68   Section        0  stm32f1xx_hal_gpio.o(i.HAL_GPIO_ReadPin)
    i.HAL_GPIO_WritePin                      0x08000a72   Section        0  stm32f1xx_hal_gpio.o(i.HAL_GPIO_WritePin)
    i.HAL_GetTick                            0x08000a7c   Section        0  stm32f1xx_hal.o(i.HAL_GetTick)
    i.HAL_IncTick                            0x08000a88   Section        0  stm32f1xx_hal.o(i.HAL_IncTick)
    i.HAL_Init                               0x08000a98   Section        0  stm32f1xx_hal.o(i.HAL_Init)
    i.HAL_InitTick                           0x08000abc   Section        0  stm32f1xx_hal.o(i.HAL_InitTick)
    i.HAL_MspInit                            0x08000afc   Section        0  stm32f1xx_hal_msp.o(i.HAL_MspInit)
    i.HAL_NVIC_EnableIRQ                     0x08000b38   Section        0  stm32f1xx_hal_cortex.o(i.HAL_NVIC_EnableIRQ)
    i.HAL_NVIC_SetPriority                   0x08000b54   Section        0  stm32f1xx_hal_cortex.o(i.HAL_NVIC_SetPriority)
    i.HAL_NVIC_SetPriorityGrouping           0x08000b94   Section        0  stm32f1xx_hal_cortex.o(i.HAL_NVIC_SetPriorityGrouping)
    i.HAL_PCDEx_PMAConfig                    0x08000bb8   Section        0  stm32f1xx_hal_pcd_ex.o(i.HAL_PCDEx_PMAConfig)
    i.HAL_PCDEx_SetConnectionState           0x08000bf4   Section        0  usbd_conf.o(i.HAL_PCDEx_SetConnectionState)
    i.HAL_PCD_DataInStageCallback            0x08000bf6   Section        0  usbd_conf.o(i.HAL_PCD_DataInStageCallback)
    i.HAL_PCD_DataOutStageCallback           0x08000c08   Section        0  usbd_conf.o(i.HAL_PCD_DataOutStageCallback)
    i.HAL_PCD_EP_Close                       0x08000c1c   Section        0  stm32f1xx_hal_pcd.o(i.HAL_PCD_EP_Close)
    i.HAL_PCD_EP_ClrStall                    0x08000c68   Section        0  stm32f1xx_hal_pcd.o(i.HAL_PCD_EP_ClrStall)
    i.HAL_PCD_EP_DB_Receive                  0x08000cc4   Section        0  stm32f1xx_hal_pcd.o(i.HAL_PCD_EP_DB_Receive)
    HAL_PCD_EP_DB_Receive                    0x08000cc5   Thumb Code   230  stm32f1xx_hal_pcd.o(i.HAL_PCD_EP_DB_Receive)
    i.HAL_PCD_EP_DB_Transmit                 0x08000daa   Section        0  stm32f1xx_hal_pcd.o(i.HAL_PCD_EP_DB_Transmit)
    HAL_PCD_EP_DB_Transmit                   0x08000dab   Thumb Code   544  stm32f1xx_hal_pcd.o(i.HAL_PCD_EP_DB_Transmit)
    i.HAL_PCD_EP_GetRxCount                  0x08000fca   Section        0  stm32f1xx_hal_pcd.o(i.HAL_PCD_EP_GetRxCount)
    i.HAL_PCD_EP_Open                        0x08000fdc   Section        0  stm32f1xx_hal_pcd.o(i.HAL_PCD_EP_Open)
    i.HAL_PCD_EP_Receive                     0x0800103c   Section        0  stm32f1xx_hal_pcd.o(i.HAL_PCD_EP_Receive)
    i.HAL_PCD_EP_SetStall                    0x0800106e   Section        0  stm32f1xx_hal_pcd.o(i.HAL_PCD_EP_SetStall)
    i.HAL_PCD_EP_Transmit                    0x080010e0   Section        0  stm32f1xx_hal_pcd.o(i.HAL_PCD_EP_Transmit)
    i.HAL_PCD_IRQHandler                     0x08001114   Section        0  stm32f1xx_hal_pcd.o(i.HAL_PCD_IRQHandler)
    i.HAL_PCD_Init                           0x08001268   Section        0  stm32f1xx_hal_pcd.o(i.HAL_PCD_Init)
    i.HAL_PCD_MspInit                        0x08001344   Section        0  usbd_conf.o(i.HAL_PCD_MspInit)
    i.HAL_PCD_ResetCallback                  0x08001380   Section        0  usbd_conf.o(i.HAL_PCD_ResetCallback)
    i.HAL_PCD_ResumeCallback                 0x080013a6   Section        0  usbd_conf.o(i.HAL_PCD_ResumeCallback)
    i.HAL_PCD_SOFCallback                    0x080013ae   Section        0  usbd_conf.o(i.HAL_PCD_SOFCallback)
    i.HAL_PCD_SetAddress                     0x080013b6   Section        0  stm32f1xx_hal_pcd.o(i.HAL_PCD_SetAddress)
    i.HAL_PCD_SetupStageCallback             0x080013de   Section        0  usbd_conf.o(i.HAL_PCD_SetupStageCallback)
    i.HAL_PCD_Start                          0x080013ec   Section        0  stm32f1xx_hal_pcd.o(i.HAL_PCD_Start)
    i.HAL_PCD_SuspendCallback                0x08001420   Section        0  usbd_conf.o(i.HAL_PCD_SuspendCallback)
    i.HAL_RCCEx_PeriphCLKConfig              0x08001444   Section        0  stm32f1xx_hal_rcc_ex.o(i.HAL_RCCEx_PeriphCLKConfig)
    i.HAL_RCC_ClockConfig                    0x08001530   Section        0  stm32f1xx_hal_rcc.o(i.HAL_RCC_ClockConfig)
    i.HAL_RCC_GetSysClockFreq                0x0800165c   Section        0  stm32f1xx_hal_rcc.o(i.HAL_RCC_GetSysClockFreq)
    i.HAL_RCC_OscConfig                      0x080016c8   Section        0  stm32f1xx_hal_rcc.o(i.HAL_RCC_OscConfig)
    i.HAL_SPI_Init                           0x080019e8   Section        0  stm32f1xx_hal_spi.o(i.HAL_SPI_Init)
    i.HAL_SPI_MspInit                        0x08001a9c   Section        0  stm32f1xx_hal_msp.o(i.HAL_SPI_MspInit)
    i.HAL_SPI_Receive                        0x08001b0c   Section        0  stm32f1xx_hal_spi.o(i.HAL_SPI_Receive)
    i.HAL_SPI_Transmit                       0x08001c66   Section        0  stm32f1xx_hal_spi.o(i.HAL_SPI_Transmit)
    i.HAL_SPI_TransmitReceive                0x08001dcc   Section        0  stm32f1xx_hal_spi.o(i.HAL_SPI_TransmitReceive)
    i.HAL_SYSTICK_Config                     0x08001fae   Section        0  stm32f1xx_hal_cortex.o(i.HAL_SYSTICK_Config)
    i.HAL_TIMEx_BreakCallback                0x08001fd6   Section        0  stm32f1xx_hal_tim_ex.o(i.HAL_TIMEx_BreakCallback)
    i.HAL_TIMEx_CommutCallback               0x08001fd8   Section        0  stm32f1xx_hal_tim_ex.o(i.HAL_TIMEx_CommutCallback)
    i.HAL_TIMEx_MasterConfigSynchronization  0x08001fdc   Section        0  stm32f1xx_hal_tim_ex.o(i.HAL_TIMEx_MasterConfigSynchronization)
    i.HAL_TIM_Base_Init                      0x08002044   Section        0  stm32f1xx_hal_tim.o(i.HAL_TIM_Base_Init)
    i.HAL_TIM_Base_MspInit                   0x080020a0   Section        0  stm32f1xx_hal_msp.o(i.HAL_TIM_Base_MspInit)
    i.HAL_TIM_Base_Start_IT                  0x08002104   Section        0  stm32f1xx_hal_tim.o(i.HAL_TIM_Base_Start_IT)
    i.HAL_TIM_ConfigClockSource              0x0800215c   Section        0  stm32f1xx_hal_tim.o(i.HAL_TIM_ConfigClockSource)
    i.HAL_TIM_IC_CaptureCallback             0x08002232   Section        0  stm32f1xx_hal_tim.o(i.HAL_TIM_IC_CaptureCallback)
    i.HAL_TIM_IRQHandler                     0x08002234   Section        0  stm32f1xx_hal_tim.o(i.HAL_TIM_IRQHandler)
    i.HAL_TIM_OC_DelayElapsedCallback        0x0800239a   Section        0  stm32f1xx_hal_tim.o(i.HAL_TIM_OC_DelayElapsedCallback)
    i.HAL_TIM_PWM_PulseFinishedCallback      0x0800239c   Section        0  stm32f1xx_hal_tim.o(i.HAL_TIM_PWM_PulseFinishedCallback)
    i.HAL_TIM_PeriodElapsedCallback          0x0800239e   Section        0  stm32f1xx_hal_tim.o(i.HAL_TIM_PeriodElapsedCallback)
    i.HAL_TIM_TriggerCallback                0x080023a0   Section        0  stm32f1xx_hal_tim.o(i.HAL_TIM_TriggerCallback)
    i.HardFault_Handler                      0x080023a2   Section        0  stm32f1xx_it.o(i.HardFault_Handler)
    i.IntToUnicode                           0x080023a4   Section        0  usbd_desc.o(i.IntToUnicode)
    IntToUnicode                             0x080023a5   Thumb Code    56  usbd_desc.o(i.IntToUnicode)
    i.MX_GPIO_Init                           0x080023dc   Section        0  main.o(i.MX_GPIO_Init)
    MX_GPIO_Init                             0x080023dd   Thumb Code   370  main.o(i.MX_GPIO_Init)
    i.MX_SPI1_Init                           0x08002568   Section        0  main.o(i.MX_SPI1_Init)
    MX_SPI1_Init                             0x08002569   Thumb Code    56  main.o(i.MX_SPI1_Init)
    i.MX_TIM3_Init                           0x080025a8   Section        0  main.o(i.MX_TIM3_Init)
    MX_TIM3_Init                             0x080025a9   Thumb Code    86  main.o(i.MX_TIM3_Init)
    i.MX_TIM4_Init                           0x08002608   Section        0  main.o(i.MX_TIM4_Init)
    MX_TIM4_Init                             0x08002609   Thumb Code    88  main.o(i.MX_TIM4_Init)
    i.MX_USB_DEVICE_Init                     0x08002668   Section        0  usb_device.o(i.MX_USB_DEVICE_Init)
    i.MemManage_Handler                      0x080026bc   Section        0  stm32f1xx_it.o(i.MemManage_Handler)
    i.NMI_Handler                            0x080026be   Section        0  stm32f1xx_it.o(i.NMI_Handler)
    i.PCD_EP_ISR_Handler                     0x080026c0   Section        0  stm32f1xx_hal_pcd.o(i.PCD_EP_ISR_Handler)
    PCD_EP_ISR_Handler                       0x080026c1   Thumb Code   764  stm32f1xx_hal_pcd.o(i.PCD_EP_ISR_Handler)
    i.PendSV_Handler                         0x080029bc   Section        0  stm32f1xx_it.o(i.PendSV_Handler)
    i.SPI_EndRxTransaction                   0x080029be   Section        0  stm32f1xx_hal_spi.o(i.SPI_EndRxTransaction)
    SPI_EndRxTransaction                     0x080029bf   Thumb Code    92  stm32f1xx_hal_spi.o(i.SPI_EndRxTransaction)
    i.SPI_EndRxTxTransaction                 0x08002a1a   Section        0  stm32f1xx_hal_spi.o(i.SPI_EndRxTxTransaction)
    SPI_EndRxTxTransaction                   0x08002a1b   Thumb Code    32  stm32f1xx_hal_spi.o(i.SPI_EndRxTxTransaction)
    i.SPI_WaitFlagStateUntilTimeout          0x08002a3c   Section        0  stm32f1xx_hal_spi.o(i.SPI_WaitFlagStateUntilTimeout)
    SPI_WaitFlagStateUntilTimeout            0x08002a3d   Thumb Code   180  stm32f1xx_hal_spi.o(i.SPI_WaitFlagStateUntilTimeout)
    i.SVC_Handler                            0x08002af4   Section        0  stm32f1xx_it.o(i.SVC_Handler)
    i.SysTick_Handler                        0x08002af6   Section        0  stm32f1xx_it.o(i.SysTick_Handler)
    i.SystemClock_Config                     0x08002afa   Section        0  main.o(i.SystemClock_Config)
    i.SystemInit                             0x08002b6c   Section        0  system_stm32f1xx.o(i.SystemInit)
    i.TIM3_IRQHandler                        0x08002bb4   Section        0  stm32f1xx_it.o(i.TIM3_IRQHandler)
    i.TIM4_IRQHandler                        0x08002c34   Section        0  stm32f1xx_it.o(i.TIM4_IRQHandler)
    i.TIM_Base_SetConfig                     0x08002c4c   Section        0  stm32f1xx_hal_tim.o(i.TIM_Base_SetConfig)
    i.TIM_ETR_SetConfig                      0x08002cb8   Section        0  stm32f1xx_hal_tim.o(i.TIM_ETR_SetConfig)
    i.TIM_ITRx_SetConfig                     0x08002ccc   Section        0  stm32f1xx_hal_tim.o(i.TIM_ITRx_SetConfig)
    TIM_ITRx_SetConfig                       0x08002ccd   Thumb Code    16  stm32f1xx_hal_tim.o(i.TIM_ITRx_SetConfig)
    i.TIM_TI1_ConfigInputStage               0x08002cdc   Section        0  stm32f1xx_hal_tim.o(i.TIM_TI1_ConfigInputStage)
    TIM_TI1_ConfigInputStage                 0x08002cdd   Thumb Code    34  stm32f1xx_hal_tim.o(i.TIM_TI1_ConfigInputStage)
    i.TIM_TI2_ConfigInputStage               0x08002cfe   Section        0  stm32f1xx_hal_tim.o(i.TIM_TI2_ConfigInputStage)
    TIM_TI2_ConfigInputStage                 0x08002cff   Thumb Code    36  stm32f1xx_hal_tim.o(i.TIM_TI2_ConfigInputStage)
    i.USBD_CDC_DataIn                        0x08002d22   Section        0  usbd_cdc.o(i.USBD_CDC_DataIn)
    USBD_CDC_DataIn                          0x08002d23   Thumb Code    70  usbd_cdc.o(i.USBD_CDC_DataIn)
    i.USBD_CDC_DataOut                       0x08002d68   Section        0  usbd_cdc.o(i.USBD_CDC_DataOut)
    USBD_CDC_DataOut                         0x08002d69   Thumb Code    46  usbd_cdc.o(i.USBD_CDC_DataOut)
    i.USBD_CDC_DeInit                        0x08002d96   Section        0  usbd_cdc.o(i.USBD_CDC_DeInit)
    USBD_CDC_DeInit                          0x08002d97   Thumb Code    68  usbd_cdc.o(i.USBD_CDC_DeInit)
    i.USBD_CDC_EP0_RxReady                   0x08002dda   Section        0  usbd_cdc.o(i.USBD_CDC_EP0_RxReady)
    USBD_CDC_EP0_RxReady                     0x08002ddb   Thumb Code    36  usbd_cdc.o(i.USBD_CDC_EP0_RxReady)
    i.USBD_CDC_GetDeviceQualifierDescriptor  0x08002e00   Section        0  usbd_cdc.o(i.USBD_CDC_GetDeviceQualifierDescriptor)
    i.USBD_CDC_GetFSCfgDesc                  0x08002e0c   Section        0  usbd_cdc.o(i.USBD_CDC_GetFSCfgDesc)
    USBD_CDC_GetFSCfgDesc                    0x08002e0d   Thumb Code     8  usbd_cdc.o(i.USBD_CDC_GetFSCfgDesc)
    i.USBD_CDC_GetHSCfgDesc                  0x08002e18   Section        0  usbd_cdc.o(i.USBD_CDC_GetHSCfgDesc)
    USBD_CDC_GetHSCfgDesc                    0x08002e19   Thumb Code     8  usbd_cdc.o(i.USBD_CDC_GetHSCfgDesc)
    i.USBD_CDC_GetOtherSpeedCfgDesc          0x08002e24   Section        0  usbd_cdc.o(i.USBD_CDC_GetOtherSpeedCfgDesc)
    USBD_CDC_GetOtherSpeedCfgDesc            0x08002e25   Thumb Code     8  usbd_cdc.o(i.USBD_CDC_GetOtherSpeedCfgDesc)
    i.USBD_CDC_Init                          0x08002e30   Section        0  usbd_cdc.o(i.USBD_CDC_Init)
    USBD_CDC_Init                            0x08002e31   Thumb Code   148  usbd_cdc.o(i.USBD_CDC_Init)
    i.USBD_CDC_ReceivePacket                 0x08002ec4   Section        0  usbd_cdc.o(i.USBD_CDC_ReceivePacket)
    i.USBD_CDC_RegisterInterface             0x08002eec   Section        0  usbd_cdc.o(i.USBD_CDC_RegisterInterface)
    i.USBD_CDC_SetRxBuffer                   0x08002efc   Section        0  usbd_cdc.o(i.USBD_CDC_SetRxBuffer)
    i.USBD_CDC_SetTxBuffer                   0x08002f08   Section        0  usbd_cdc.o(i.USBD_CDC_SetTxBuffer)
    i.USBD_CDC_Setup                         0x08002f18   Section        0  usbd_cdc.o(i.USBD_CDC_Setup)
    USBD_CDC_Setup                           0x08002f19   Thumb Code   172  usbd_cdc.o(i.USBD_CDC_Setup)
    i.USBD_CDC_TransmitPacket                0x08002fc4   Section        0  usbd_cdc.o(i.USBD_CDC_TransmitPacket)
    i.USBD_ClrClassConfig                    0x08002ffa   Section        0  usbd_core.o(i.USBD_ClrClassConfig)
    i.USBD_CtlContinueRx                     0x08003008   Section        0  usbd_ioreq.o(i.USBD_CtlContinueRx)
    i.USBD_CtlContinueSendData               0x08003018   Section        0  usbd_ioreq.o(i.USBD_CtlContinueSendData)
    i.USBD_CtlError                          0x08003028   Section        0  usbd_ctlreq.o(i.USBD_CtlError)
    i.USBD_CtlPrepareRx                      0x0800303e   Section        0  usbd_ioreq.o(i.USBD_CtlPrepareRx)
    i.USBD_CtlReceiveStatus                  0x0800305c   Section        0  usbd_ioreq.o(i.USBD_CtlReceiveStatus)
    i.USBD_CtlSendData                       0x08003072   Section        0  usbd_ioreq.o(i.USBD_CtlSendData)
    i.USBD_CtlSendStatus                     0x0800308c   Section        0  usbd_ioreq.o(i.USBD_CtlSendStatus)
    i.USBD_FS_ConfigStrDescriptor            0x080030a4   Section        0  usbd_desc.o(i.USBD_FS_ConfigStrDescriptor)
    i.USBD_FS_DeviceDescriptor               0x080030c4   Section        0  usbd_desc.o(i.USBD_FS_DeviceDescriptor)
    i.USBD_FS_InterfaceStrDescriptor         0x080030d0   Section        0  usbd_desc.o(i.USBD_FS_InterfaceStrDescriptor)
    i.USBD_FS_LangIDStrDescriptor            0x080030f4   Section        0  usbd_desc.o(i.USBD_FS_LangIDStrDescriptor)
    i.USBD_FS_ManufacturerStrDescriptor      0x08003100   Section        0  usbd_desc.o(i.USBD_FS_ManufacturerStrDescriptor)
    i.USBD_FS_ProductStrDescriptor           0x08003128   Section        0  usbd_desc.o(i.USBD_FS_ProductStrDescriptor)
    i.USBD_FS_SerialStrDescriptor            0x08003154   Section        0  usbd_desc.o(i.USBD_FS_SerialStrDescriptor)
    i.USBD_GetDescriptor                     0x0800318c   Section        0  usbd_ctlreq.o(i.USBD_GetDescriptor)
    USBD_GetDescriptor                       0x0800318d   Thumb Code   232  usbd_ctlreq.o(i.USBD_GetDescriptor)
    i.USBD_GetString                         0x08003274   Section        0  usbd_ctlreq.o(i.USBD_GetString)
    i.USBD_Get_USB_Status                    0x080032bc   Section        0  usbd_conf.o(i.USBD_Get_USB_Status)
    USBD_Get_USB_Status                      0x080032bd   Thumb Code    24  usbd_conf.o(i.USBD_Get_USB_Status)
    i.USBD_Init                              0x080032d4   Section        0  usbd_core.o(i.USBD_Init)
    i.USBD_LL_ClearStallEP                   0x080032fe   Section        0  usbd_conf.o(i.USBD_LL_ClearStallEP)
    i.USBD_LL_CloseEP                        0x08003310   Section        0  usbd_conf.o(i.USBD_LL_CloseEP)
    i.USBD_LL_DataInStage                    0x08003322   Section        0  usbd_core.o(i.USBD_LL_DataInStage)
    i.USBD_LL_DataOutStage                   0x080033e8   Section        0  usbd_core.o(i.USBD_LL_DataOutStage)
    i.USBD_LL_GetRxDataSize                  0x0800346a   Section        0  usbd_conf.o(i.USBD_LL_GetRxDataSize)
    i.USBD_LL_Init                           0x08003474   Section        0  usbd_conf.o(i.USBD_LL_Init)
    i.USBD_LL_IsStallEP                      0x080034f4   Section        0  usbd_conf.o(i.USBD_LL_IsStallEP)
    i.USBD_LL_OpenEP                         0x08003514   Section        0  usbd_conf.o(i.USBD_LL_OpenEP)
    i.USBD_LL_PrepareReceive                 0x0800352c   Section        0  usbd_conf.o(i.USBD_LL_PrepareReceive)
    i.USBD_LL_Reset                          0x0800353e   Section        0  usbd_core.o(i.USBD_LL_Reset)
    i.USBD_LL_Resume                         0x0800358e   Section        0  usbd_core.o(i.USBD_LL_Resume)
    i.USBD_LL_SOF                            0x080035a2   Section        0  usbd_core.o(i.USBD_LL_SOF)
    i.USBD_LL_SetSpeed                       0x080035ba   Section        0  usbd_core.o(i.USBD_LL_SetSpeed)
    i.USBD_LL_SetUSBAddress                  0x080035c0   Section        0  usbd_conf.o(i.USBD_LL_SetUSBAddress)
    i.USBD_LL_SetupStage                     0x080035d2   Section        0  usbd_core.o(i.USBD_LL_SetupStage)
    i.USBD_LL_StallEP                        0x0800362c   Section        0  usbd_conf.o(i.USBD_LL_StallEP)
    i.USBD_LL_Start                          0x0800363e   Section        0  usbd_conf.o(i.USBD_LL_Start)
    i.USBD_LL_Suspend                        0x08003650   Section        0  usbd_core.o(i.USBD_LL_Suspend)
    i.USBD_LL_Transmit                       0x08003662   Section        0  usbd_conf.o(i.USBD_LL_Transmit)
    i.USBD_ParseSetupRequest                 0x08003674   Section        0  usbd_ctlreq.o(i.USBD_ParseSetupRequest)
    i.USBD_RegisterClass                     0x0800369c   Section        0  usbd_core.o(i.USBD_RegisterClass)
    i.USBD_SetClassConfig                    0x080036ac   Section        0  usbd_core.o(i.USBD_SetClassConfig)
    i.USBD_SetConfig                         0x080036c4   Section        0  usbd_ctlreq.o(i.USBD_SetConfig)
    USBD_SetConfig                           0x080036c5   Thumb Code   128  usbd_ctlreq.o(i.USBD_SetConfig)
    i.USBD_Start                             0x08003748   Section        0  usbd_core.o(i.USBD_Start)
    i.USBD_StdDevReq                         0x08003752   Section        0  usbd_ctlreq.o(i.USBD_StdDevReq)
    i.USBD_StdEPReq                          0x08003864   Section        0  usbd_ctlreq.o(i.USBD_StdEPReq)
    i.USBD_StdItfReq                         0x080039b4   Section        0  usbd_ctlreq.o(i.USBD_StdItfReq)
    i.USBD_static_free                       0x08003a02   Section        0  usbd_conf.o(i.USBD_static_free)
    i.USBD_static_malloc                     0x08003a04   Section        0  usbd_conf.o(i.USBD_static_malloc)
    i.USB_ActivateEndpoint                   0x08003a0c   Section        0  stm32f1xx_ll_usb.o(i.USB_ActivateEndpoint)
    i.USB_CoreInit                           0x08003c64   Section        0  stm32f1xx_ll_usb.o(i.USB_CoreInit)
    i.USB_DeactivateEndpoint                 0x08003c68   Section        0  stm32f1xx_ll_usb.o(i.USB_DeactivateEndpoint)
    i.USB_DevConnect                         0x08003d76   Section        0  stm32f1xx_ll_usb.o(i.USB_DevConnect)
    i.USB_DevDisconnect                      0x08003d7a   Section        0  stm32f1xx_ll_usb.o(i.USB_DevDisconnect)
    i.USB_DevInit                            0x08003d7e   Section        0  stm32f1xx_ll_usb.o(i.USB_DevInit)
    i.USB_DisableGlobalInt                   0x08003d90   Section        0  stm32f1xx_ll_usb.o(i.USB_DisableGlobalInt)
    i.USB_EP0_OutStart                       0x08003d9e   Section        0  stm32f1xx_ll_usb.o(i.USB_EP0_OutStart)
    i.USB_EPClearStall                       0x08003da2   Section        0  stm32f1xx_ll_usb.o(i.USB_EPClearStall)
    i.USB_EPSetStall                         0x08003e1a   Section        0  stm32f1xx_ll_usb.o(i.USB_EPSetStall)
    i.USB_EPStartXfer                        0x08003e4c   Section        0  stm32f1xx_ll_usb.o(i.USB_EPStartXfer)
    i.USB_EnableGlobalInt                    0x0800431a   Section        0  stm32f1xx_ll_usb.o(i.USB_EnableGlobalInt)
    i.USB_LP_CAN1_RX0_IRQHandler             0x0800432c   Section        0  stm32f1xx_it.o(i.USB_LP_CAN1_RX0_IRQHandler)
    i.USB_ReadInterrupts                     0x08004338   Section        0  stm32f1xx_ll_usb.o(i.USB_ReadInterrupts)
    i.USB_ReadPMA                            0x08004340   Section        0  stm32f1xx_ll_usb.o(i.USB_ReadPMA)
    i.USB_SetCurrentMode                     0x0800436c   Section        0  stm32f1xx_ll_usb.o(i.USB_SetCurrentMode)
    i.USB_SetDevAddress                      0x08004370   Section        0  stm32f1xx_ll_usb.o(i.USB_SetDevAddress)
    i.USB_WritePMA                           0x0800437c   Section        0  stm32f1xx_ll_usb.o(i.USB_WritePMA)
    i.UsageFault_Handler                     0x080043a2   Section        0  stm32f1xx_it.o(i.UsageFault_Handler)
    i.__NVIC_SetPriority                     0x080043a4   Section        0  stm32f1xx_hal_cortex.o(i.__NVIC_SetPriority)
    __NVIC_SetPriority                       0x080043a5   Thumb Code    32  stm32f1xx_hal_cortex.o(i.__NVIC_SetPriority)
    i.__aeabi_errno_addr                     0x080043c4   Section        0  errno.o(i.__aeabi_errno_addr)
    i.__scatterload_copy                     0x080043cc   Section       14  handlers.o(i.__scatterload_copy)
    i.__scatterload_null                     0x080043da   Section        2  handlers.o(i.__scatterload_null)
    i.__scatterload_zeroinit                 0x080043dc   Section       14  handlers.o(i.__scatterload_zeroinit)
    i.enableDataReadyInterrupt               0x080043ec   Section        0  mpu9250_spi.o(i.enableDataReadyInterrupt)
    i.executeCmd                             0x08004420   Section        0  usbd_cdc_if.o(i.executeCmd)
    i.exteractCmd                            0x08004460   Section        0  usbd_cdc_if.o(i.exteractCmd)
    i.getMicros                              0x080044b8   Section        0  main.o(i.getMicros)
    i.main                                   0x080044d8   Section        0  main.o(i.main)
    i.mpu9250ReadReg                         0x08004620   Section        0  mpu9250_spi.o(i.mpu9250ReadReg)
    i.mpu9250WriteReg                        0x08004690   Section        0  mpu9250_spi.o(i.mpu9250WriteReg)
    i.mpuBegin                               0x080046d8   Section        0  mpu9250_spi.o(i.mpuBegin)
    i.mpuReadSensor                          0x08004830   Section        0  mpu9250_spi.o(i.mpuReadSensor)
    i.pulse_trigger                          0x08004894   Section        0  main.o(i.pulse_trigger)
    i.readAK8963Registers                    0x080048cc   Section        0  mpu9250_spi.o(i.readAK8963Registers)
    i.readRegisters                          0x08004920   Section        0  mpu9250_spi.o(i.readRegisters)
    i.whoAmI                                 0x08004930   Section        0  mpu9250_spi.o(i.whoAmI)
    i.whoAmIAK8963                           0x08004950   Section        0  mpu9250_spi.o(i.whoAmIAK8963)
    i.writeAK8963Register                    0x08004970   Section        0  mpu9250_spi.o(i.writeAK8963Register)
    i.writeRegister                          0x080049e8   Section        0  mpu9250_spi.o(i.writeRegister)
    .constdata                               0x08004a18   Section       16  system_stm32f1xx.o(.constdata)
    .constdata                               0x08004a28   Section      129  ctype_o.o(.constdata)
    .constdata                               0x08004aac   Section        4  ctype_o.o(.constdata)
    table                                    0x08004aac   Data           4  ctype_o.o(.constdata)
    .data                                    0x20000000   Section       12  mpu9250_spi.o(.data)
    .data                                    0x2000000c   Section       40  main.o(.data)
    old_time                                 0x2000002c   Data           4  main.o(.data)
    .data                                    0x20000034   Section        2  main.o(.data)
    .data                                    0x20000038   Section       28  usbd_desc.o(.data)
    .data                                    0x20000054   Section       50  usbd_desc.o(.data)
    .data                                    0x20000088   Section       12  usbd_cdc_if.o(.data)
    .data                                    0x20000094   Section       16  usbd_cdc_if.o(.data)
    .data                                    0x200000a4   Section        8  stm32f1xx_it.o(.data)
    .data                                    0x200000ac   Section       12  stm32f1xx_hal.o(.data)
    .data                                    0x200000b8   Section        4  system_stm32f1xx.o(.data)
    .data                                    0x200000bc   Section        1  usbd_ctlreq.o(.data)
    cfgidx                                   0x200000bc   Data           1  usbd_ctlreq.o(.data)
    .data                                    0x200000c0   Section      215  usbd_cdc.o(.data)
    USBD_CDC_DeviceQualifierDesc             0x200000c0   Data          10  usbd_cdc.o(.data)
    .data                                    0x20000198   Section       56  usbd_cdc.o(.data)
    .data                                    0x200001d0   Section        4  errno.o(.data)
    _errno                                   0x200001d0   Data           4  errno.o(.data)
    .bss                                     0x200001d4   Section       21  mpu9250_spi.o(.bss)
    .bss                                     0x200001ec   Section      296  main.o(.bss)
    .bss                                     0x20000314   Section      708  usb_device.o(.bss)
    .bss                                     0x200005d8   Section     1292  usbd_conf.o(.bss)
    mem                                      0x200005d8   Data         544  usbd_conf.o(.bss)
    .bss                                     0x20000ae4   Section      512  usbd_desc.o(.bss)
    .bss                                     0x20000ce4   Section     2032  usbd_cdc_if.o(.bss)
    STACK                                    0x200014d8   Section     1024  startup_stm32f103xb.o(STACK)

    Global Symbols

    Symbol Name                              Value     Ov Type        Size  Object(Section)

    BuildAttributes$$THM_ISAv4$P$D$K$B$S$PE$A:L22UL41UL21$X:L11$S22US41US21$IEEE1$IW$USESV6$~STKCKD$USESV7$~SHL$OTIME$ROPI$EBA8$MICROLIB$REQ8$PRES8$EABIv2 0x00000000   Number         0  anon$$obj.o ABSOLUTE
    __ARM_use_no_argv                        0x00000000   Number         0  main.o ABSOLUTE
    __cpp_initialize__aeabi_                  - Undefined Weak Reference
    __cxa_finalize                            - Undefined Weak Reference
    _clock_init                               - Undefined Weak Reference
    _microlib_exit                            - Undefined Weak Reference
    __Vectors_Size                           0x000000ec   Number         0  startup_stm32f103xb.o ABSOLUTE
    __Vectors                                0x08000000   Data           4  startup_stm32f103xb.o(RESET)
    __Vectors_End                            0x080000ec   Data           0  startup_stm32f103xb.o(RESET)
    __main                                   0x080000ed   Thumb Code     0  entry.o(.ARM.Collect$$$$00000000)
    _main_stk                                0x080000ed   Thumb Code     0  entry2.o(.ARM.Collect$$$$00000001)
    _main_scatterload                        0x080000f1   Thumb Code     0  entry5.o(.ARM.Collect$$$$00000004)
    __main_after_scatterload                 0x080000f5   Thumb Code     0  entry5.o(.ARM.Collect$$$$00000004)
    _main_clock                              0x080000f5   Thumb Code     0  entry7b.o(.ARM.Collect$$$$00000008)
    _main_cpp_init                           0x080000f5   Thumb Code     0  entry8b.o(.ARM.Collect$$$$0000000A)
    _main_init                               0x080000f5   Thumb Code     0  entry9a.o(.ARM.Collect$$$$0000000B)
    __rt_final_cpp                           0x080000fd   Thumb Code     0  entry10a.o(.ARM.Collect$$$$0000000D)
    __rt_final_exit                          0x080000fd   Thumb Code     0  entry11a.o(.ARM.Collect$$$$0000000F)
    Reset_Handler                            0x08000101   Thumb Code     8  startup_stm32f103xb.o(.text)
    ADC1_2_IRQHandler                        0x0800011b   Thumb Code     0  startup_stm32f103xb.o(.text)
    CAN1_RX1_IRQHandler                      0x0800011b   Thumb Code     0  startup_stm32f103xb.o(.text)
    CAN1_SCE_IRQHandler                      0x0800011b   Thumb Code     0  startup_stm32f103xb.o(.text)
    DMA1_Channel1_IRQHandler                 0x0800011b   Thumb Code     0  startup_stm32f103xb.o(.text)
    DMA1_Channel2_IRQHandler                 0x0800011b   Thumb Code     0  startup_stm32f103xb.o(.text)
    DMA1_Channel3_IRQHandler                 0x0800011b   Thumb Code     0  startup_stm32f103xb.o(.text)
    DMA1_Channel4_IRQHandler                 0x0800011b   Thumb Code     0  startup_stm32f103xb.o(.text)
    DMA1_Channel5_IRQHandler                 0x0800011b   Thumb Code     0  startup_stm32f103xb.o(.text)
    DMA1_Channel6_IRQHandler                 0x0800011b   Thumb Code     0  startup_stm32f103xb.o(.text)
    DMA1_Channel7_IRQHandler                 0x0800011b   Thumb Code     0  startup_stm32f103xb.o(.text)
    EXTI1_IRQHandler                         0x0800011b   Thumb Code     0  startup_stm32f103xb.o(.text)
    EXTI2_IRQHandler                         0x0800011b   Thumb Code     0  startup_stm32f103xb.o(.text)
    FLASH_IRQHandler                         0x0800011b   Thumb Code     0  startup_stm32f103xb.o(.text)
    I2C1_ER_IRQHandler                       0x0800011b   Thumb Code     0  startup_stm32f103xb.o(.text)
    I2C1_EV_IRQHandler                       0x0800011b   Thumb Code     0  startup_stm32f103xb.o(.text)
    I2C2_ER_IRQHandler                       0x0800011b   Thumb Code     0  startup_stm32f103xb.o(.text)
    I2C2_EV_IRQHandler                       0x0800011b   Thumb Code     0  startup_stm32f103xb.o(.text)
    PVD_IRQHandler                           0x0800011b   Thumb Code     0  startup_stm32f103xb.o(.text)
    RCC_IRQHandler                           0x0800011b   Thumb Code     0  startup_stm32f103xb.o(.text)
    RTC_Alarm_IRQHandler                     0x0800011b   Thumb Code     0  startup_stm32f103xb.o(.text)
    RTC_IRQHandler                           0x0800011b   Thumb Code     0  startup_stm32f103xb.o(.text)
    SPI1_IRQHandler                          0x0800011b   Thumb Code     0  startup_stm32f103xb.o(.text)
    SPI2_IRQHandler                          0x0800011b   Thumb Code     0  startup_stm32f103xb.o(.text)
    TAMPER_IRQHandler                        0x0800011b   Thumb Code     0  startup_stm32f103xb.o(.text)
    TIM1_BRK_IRQHandler                      0x0800011b   Thumb Code     0  startup_stm32f103xb.o(.text)
    TIM1_CC_IRQHandler                       0x0800011b   Thumb Code     0  startup_stm32f103xb.o(.text)
    TIM1_TRG_COM_IRQHandler                  0x0800011b   Thumb Code     0  startup_stm32f103xb.o(.text)
    TIM1_UP_IRQHandler                       0x0800011b   Thumb Code     0  startup_stm32f103xb.o(.text)
    TIM2_IRQHandler                          0x0800011b   Thumb Code     0  startup_stm32f103xb.o(.text)
    USART1_IRQHandler                        0x0800011b   Thumb Code     0  startup_stm32f103xb.o(.text)
    USART2_IRQHandler                        0x0800011b   Thumb Code     0  startup_stm32f103xb.o(.text)
    USART3_IRQHandler                        0x0800011b   Thumb Code     0  startup_stm32f103xb.o(.text)
    USBWakeUp_IRQHandler                     0x0800011b   Thumb Code     0  startup_stm32f103xb.o(.text)
    USB_HP_CAN1_TX_IRQHandler                0x0800011b   Thumb Code     0  startup_stm32f103xb.o(.text)
    WWDG_IRQHandler                          0x0800011b   Thumb Code     0  startup_stm32f103xb.o(.text)
    __aeabi_memcpy                           0x08000125   Thumb Code    36  memcpya.o(.text)
    __aeabi_memcpy4                          0x08000125   Thumb Code     0  memcpya.o(.text)
    __aeabi_memcpy8                          0x08000125   Thumb Code     0  memcpya.o(.text)
    __aeabi_memset                           0x08000149   Thumb Code    14  memseta.o(.text)
    __aeabi_memset4                          0x08000149   Thumb Code     0  memseta.o(.text)
    __aeabi_memset8                          0x08000149   Thumb Code     0  memseta.o(.text)
    __aeabi_memclr                           0x08000157   Thumb Code     4  memseta.o(.text)
    __aeabi_memclr4                          0x08000157   Thumb Code     0  memseta.o(.text)
    __aeabi_memclr8                          0x08000157   Thumb Code     0  memseta.o(.text)
    _memset$wrapper                          0x0800015b   Thumb Code    18  memseta.o(.text)
    atoi                                     0x0800016d   Thumb Code    26  atoi.o(.text)
    __aeabi_fadd                             0x08000187   Thumb Code   164  fadd.o(.text)
    __aeabi_fsub                             0x0800022b   Thumb Code     6  fadd.o(.text)
    __aeabi_frsub                            0x08000231   Thumb Code     6  fadd.o(.text)
    __aeabi_fmul                             0x08000237   Thumb Code   100  fmul.o(.text)
    __aeabi_fdiv                             0x0800029b   Thumb Code   124  fdiv.o(.text)
    __aeabi_ui2f                             0x08000317   Thumb Code    10  ffltui.o(.text)
    __aeabi_f2uiz                            0x08000321   Thumb Code    40  ffixui.o(.text)
    strtol                                   0x08000349   Thumb Code   112  strtol.o(.text)
    __I$use$fp                               0x080003b9   Thumb Code     0  iusefp.o(.text)
    _float_round                             0x080003b9   Thumb Code    18  fepilogue.o(.text)
    _float_epilogue                          0x080003cb   Thumb Code    92  fepilogue.o(.text)
    __scatterload                            0x08000429   Thumb Code    28  init.o(.text)
    __scatterload_rt2                        0x08000429   Thumb Code     0  init.o(.text)
    __rt_ctype_table                         0x0800044d   Thumb Code     4  ctype_o.o(.text)
    _strtoul                                 0x08000455   Thumb Code   158  _strtoul.o(.text)
    _chval                                   0x080004f3   Thumb Code    28  _chval.o(.text)
    __decompress                             0x0800050f   Thumb Code     0  __dczerorl2.o(.text)
    __decompress1                            0x0800050f   Thumb Code    86  __dczerorl2.o(.text)
    BusFault_Handler                         0x08000565   Thumb Code     2  stm32f1xx_it.o(i.BusFault_Handler)
    CDC_Transmit_FS                          0x08000621   Thumb Code    38  usbd_cdc_if.o(i.CDC_Transmit_FS)
    DebugMon_Handler                         0x0800064d   Thumb Code     2  stm32f1xx_it.o(i.DebugMon_Handler)
    EXTI0_IRQHandler                         0x08000651   Thumb Code    10  stm32f1xx_it.o(i.EXTI0_IRQHandler)
    EXTI15_10_IRQHandler                     0x08000661   Thumb Code    46  stm32f1xx_it.o(i.EXTI15_10_IRQHandler)
    EXTI3_IRQHandler                         0x0800068f   Thumb Code     6  stm32f1xx_it.o(i.EXTI3_IRQHandler)
    EXTI4_IRQHandler                         0x08000695   Thumb Code     6  stm32f1xx_it.o(i.EXTI4_IRQHandler)
    EXTI9_5_IRQHandler                       0x0800069b   Thumb Code    22  stm32f1xx_it.o(i.EXTI9_5_IRQHandler)
    Error_Handler                            0x080006b1   Thumb Code     2  main.o(i.Error_Handler)
    HAL_Delay                                0x080006b5   Thumb Code    32  stm32f1xx_hal.o(i.HAL_Delay)
    HAL_GPIO_EXTI_Callback                   0x080006d9   Thumb Code   392  main.o(i.HAL_GPIO_EXTI_Callback)
    HAL_GPIO_EXTI_IRQHandler                 0x08000871   Thumb Code    18  stm32f1xx_hal_gpio.o(i.HAL_GPIO_EXTI_IRQHandler)
    HAL_GPIO_Init                            0x08000889   Thumb Code   446  stm32f1xx_hal_gpio.o(i.HAL_GPIO_Init)
    HAL_GPIO_ReadPin                         0x08000a69   Thumb Code    10  stm32f1xx_hal_gpio.o(i.HAL_GPIO_ReadPin)
    HAL_GPIO_WritePin                        0x08000a73   Thumb Code    10  stm32f1xx_hal_gpio.o(i.HAL_GPIO_WritePin)
    HAL_GetTick                              0x08000a7d   Thumb Code     6  stm32f1xx_hal.o(i.HAL_GetTick)
    HAL_IncTick                              0x08000a89   Thumb Code    12  stm32f1xx_hal.o(i.HAL_IncTick)
    HAL_Init                                 0x08000a99   Thumb Code    32  stm32f1xx_hal.o(i.HAL_Init)
    HAL_InitTick                             0x08000abd   Thumb Code    54  stm32f1xx_hal.o(i.HAL_InitTick)
    HAL_MspInit                              0x08000afd   Thumb Code    52  stm32f1xx_hal_msp.o(i.HAL_MspInit)
    HAL_NVIC_EnableIRQ                       0x08000b39   Thumb Code    26  stm32f1xx_hal_cortex.o(i.HAL_NVIC_EnableIRQ)
    HAL_NVIC_SetPriority                     0x08000b55   Thumb Code    60  stm32f1xx_hal_cortex.o(i.HAL_NVIC_SetPriority)
    HAL_NVIC_SetPriorityGrouping             0x08000b95   Thumb Code    26  stm32f1xx_hal_cortex.o(i.HAL_NVIC_SetPriorityGrouping)
    HAL_PCDEx_PMAConfig                      0x08000bb9   Thumb Code    60  stm32f1xx_hal_pcd_ex.o(i.HAL_PCDEx_PMAConfig)
    HAL_PCDEx_SetConnectionState             0x08000bf5   Thumb Code     2  usbd_conf.o(i.HAL_PCDEx_SetConnectionState)
    HAL_PCD_DataInStageCallback              0x08000bf7   Thumb Code    18  usbd_conf.o(i.HAL_PCD_DataInStageCallback)
    HAL_PCD_DataOutStageCallback             0x08000c09   Thumb Code    20  usbd_conf.o(i.HAL_PCD_DataOutStageCallback)
    HAL_PCD_EP_Close                         0x08000c1d   Thumb Code    76  stm32f1xx_hal_pcd.o(i.HAL_PCD_EP_Close)
    HAL_PCD_EP_ClrStall                      0x08000c69   Thumb Code    92  stm32f1xx_hal_pcd.o(i.HAL_PCD_EP_ClrStall)
    HAL_PCD_EP_GetRxCount                    0x08000fcb   Thumb Code    18  stm32f1xx_hal_pcd.o(i.HAL_PCD_EP_GetRxCount)
    HAL_PCD_EP_Open                          0x08000fdd   Thumb Code    96  stm32f1xx_hal_pcd.o(i.HAL_PCD_EP_Open)
    HAL_PCD_EP_Receive                       0x0800103d   Thumb Code    50  stm32f1xx_hal_pcd.o(i.HAL_PCD_EP_Receive)
    HAL_PCD_EP_SetStall                      0x0800106f   Thumb Code   114  stm32f1xx_hal_pcd.o(i.HAL_PCD_EP_SetStall)
    HAL_PCD_EP_Transmit                      0x080010e1   Thumb Code    52  stm32f1xx_hal_pcd.o(i.HAL_PCD_EP_Transmit)
    HAL_PCD_IRQHandler                       0x08001115   Thumb Code   340  stm32f1xx_hal_pcd.o(i.HAL_PCD_IRQHandler)
    HAL_PCD_Init                             0x08001269   Thumb Code   218  stm32f1xx_hal_pcd.o(i.HAL_PCD_Init)
    HAL_PCD_MspInit                          0x08001345   Thumb Code    50  usbd_conf.o(i.HAL_PCD_MspInit)
    HAL_PCD_ResetCallback                    0x08001381   Thumb Code    38  usbd_conf.o(i.HAL_PCD_ResetCallback)
    HAL_PCD_ResumeCallback                   0x080013a7   Thumb Code     8  usbd_conf.o(i.HAL_PCD_ResumeCallback)
    HAL_PCD_SOFCallback                      0x080013af   Thumb Code     8  usbd_conf.o(i.HAL_PCD_SOFCallback)
    HAL_PCD_SetAddress                       0x080013b7   Thumb Code    40  stm32f1xx_hal_pcd.o(i.HAL_PCD_SetAddress)
    HAL_PCD_SetupStageCallback               0x080013df   Thumb Code    14  usbd_conf.o(i.HAL_PCD_SetupStageCallback)
    HAL_PCD_Start                            0x080013ed   Thumb Code    50  stm32f1xx_hal_pcd.o(i.HAL_PCD_Start)
    HAL_PCD_SuspendCallback                  0x08001421   Thumb Code    30  usbd_conf.o(i.HAL_PCD_SuspendCallback)
    HAL_RCCEx_PeriphCLKConfig                0x08001445   Thumb Code   224  stm32f1xx_hal_rcc_ex.o(i.HAL_RCCEx_PeriphCLKConfig)
    HAL_RCC_ClockConfig                      0x08001531   Thumb Code   280  stm32f1xx_hal_rcc.o(i.HAL_RCC_ClockConfig)
    HAL_RCC_GetSysClockFreq                  0x0800165d   Thumb Code    74  stm32f1xx_hal_rcc.o(i.HAL_RCC_GetSysClockFreq)
    HAL_RCC_OscConfig                        0x080016c9   Thumb Code   778  stm32f1xx_hal_rcc.o(i.HAL_RCC_OscConfig)
    HAL_SPI_Init                             0x080019e9   Thumb Code   178  stm32f1xx_hal_spi.o(i.HAL_SPI_Init)
    HAL_SPI_MspInit                          0x08001a9d   Thumb Code    98  stm32f1xx_hal_msp.o(i.HAL_SPI_MspInit)
    HAL_SPI_Receive                          0x08001b0d   Thumb Code   346  stm32f1xx_hal_spi.o(i.HAL_SPI_Receive)
    HAL_SPI_Transmit                         0x08001c67   Thumb Code   358  stm32f1xx_hal_spi.o(i.HAL_SPI_Transmit)
    HAL_SPI_TransmitReceive                  0x08001dcd   Thumb Code   482  stm32f1xx_hal_spi.o(i.HAL_SPI_TransmitReceive)
    HAL_SYSTICK_Config                       0x08001faf   Thumb Code    40  stm32f1xx_hal_cortex.o(i.HAL_SYSTICK_Config)
    HAL_TIMEx_BreakCallback                  0x08001fd7   Thumb Code     2  stm32f1xx_hal_tim_ex.o(i.HAL_TIMEx_BreakCallback)
    HAL_TIMEx_CommutCallback                 0x08001fd9   Thumb Code     2  stm32f1xx_hal_tim_ex.o(i.HAL_TIMEx_CommutCallback)
    HAL_TIMEx_MasterConfigSynchronization    0x08001fdd   Thumb Code    92  stm32f1xx_hal_tim_ex.o(i.HAL_TIMEx_MasterConfigSynchronization)
    HAL_TIM_Base_Init                        0x08002045   Thumb Code    90  stm32f1xx_hal_tim.o(i.HAL_TIM_Base_Init)
    HAL_TIM_Base_MspInit                     0x080020a1   Thumb Code    86  stm32f1xx_hal_msp.o(i.HAL_TIM_Base_MspInit)
    HAL_TIM_Base_Start_IT                    0x08002105   Thumb Code    76  stm32f1xx_hal_tim.o(i.HAL_TIM_Base_Start_IT)
    HAL_TIM_ConfigClockSource                0x0800215d   Thumb Code   214  stm32f1xx_hal_tim.o(i.HAL_TIM_ConfigClockSource)
    HAL_TIM_IC_CaptureCallback               0x08002233   Thumb Code     2  stm32f1xx_hal_tim.o(i.HAL_TIM_IC_CaptureCallback)
    HAL_TIM_IRQHandler                       0x08002235   Thumb Code   358  stm32f1xx_hal_tim.o(i.HAL_TIM_IRQHandler)
    HAL_TIM_OC_DelayElapsedCallback          0x0800239b   Thumb Code     2  stm32f1xx_hal_tim.o(i.HAL_TIM_OC_DelayElapsedCallback)
    HAL_TIM_PWM_PulseFinishedCallback        0x0800239d   Thumb Code     2  stm32f1xx_hal_tim.o(i.HAL_TIM_PWM_PulseFinishedCallback)
    HAL_TIM_PeriodElapsedCallback            0x0800239f   Thumb Code     2  stm32f1xx_hal_tim.o(i.HAL_TIM_PeriodElapsedCallback)
    HAL_TIM_TriggerCallback                  0x080023a1   Thumb Code     2  stm32f1xx_hal_tim.o(i.HAL_TIM_TriggerCallback)
    HardFault_Handler                        0x080023a3   Thumb Code     2  stm32f1xx_it.o(i.HardFault_Handler)
    MX_USB_DEVICE_Init                       0x08002669   Thumb Code    66  usb_device.o(i.MX_USB_DEVICE_Init)
    MemManage_Handler                        0x080026bd   Thumb Code     2  stm32f1xx_it.o(i.MemManage_Handler)
    NMI_Handler                              0x080026bf   Thumb Code     2  stm32f1xx_it.o(i.NMI_Handler)
    PendSV_Handler                           0x080029bd   Thumb Code     2  stm32f1xx_it.o(i.PendSV_Handler)
    SVC_Handler                              0x08002af5   Thumb Code     2  stm32f1xx_it.o(i.SVC_Handler)
    SysTick_Handler                          0x08002af7   Thumb Code     4  stm32f1xx_it.o(i.SysTick_Handler)
    SystemClock_Config                       0x08002afb   Thumb Code   112  main.o(i.SystemClock_Config)
    SystemInit                               0x08002b6d   Thumb Code    56  system_stm32f1xx.o(i.SystemInit)
    TIM3_IRQHandler                          0x08002bb5   Thumb Code   108  stm32f1xx_it.o(i.TIM3_IRQHandler)
    TIM4_IRQHandler                          0x08002c35   Thumb Code    14  stm32f1xx_it.o(i.TIM4_IRQHandler)
    TIM_Base_SetConfig                       0x08002c4d   Thumb Code    94  stm32f1xx_hal_tim.o(i.TIM_Base_SetConfig)
    TIM_ETR_SetConfig                        0x08002cb9   Thumb Code    20  stm32f1xx_hal_tim.o(i.TIM_ETR_SetConfig)
    USBD_CDC_GetDeviceQualifierDescriptor    0x08002e01   Thumb Code     8  usbd_cdc.o(i.USBD_CDC_GetDeviceQualifierDescriptor)
    USBD_CDC_ReceivePacket                   0x08002ec5   Thumb Code    40  usbd_cdc.o(i.USBD_CDC_ReceivePacket)
    USBD_CDC_RegisterInterface               0x08002eed   Thumb Code    16  usbd_cdc.o(i.USBD_CDC_RegisterInterface)
    USBD_CDC_SetRxBuffer                     0x08002efd   Thumb Code    12  usbd_cdc.o(i.USBD_CDC_SetRxBuffer)
    USBD_CDC_SetTxBuffer                     0x08002f09   Thumb Code    16  usbd_cdc.o(i.USBD_CDC_SetTxBuffer)
    USBD_CDC_TransmitPacket                  0x08002fc5   Thumb Code    54  usbd_cdc.o(i.USBD_CDC_TransmitPacket)
    USBD_ClrClassConfig                      0x08002ffb   Thumb Code    14  usbd_core.o(i.USBD_ClrClassConfig)
    USBD_CtlContinueRx                       0x08003009   Thumb Code    16  usbd_ioreq.o(i.USBD_CtlContinueRx)
    USBD_CtlContinueSendData                 0x08003019   Thumb Code    16  usbd_ioreq.o(i.USBD_CtlContinueSendData)
    USBD_CtlError                            0x08003029   Thumb Code    22  usbd_ctlreq.o(i.USBD_CtlError)
    USBD_CtlPrepareRx                        0x0800303f   Thumb Code    30  usbd_ioreq.o(i.USBD_CtlPrepareRx)
    USBD_CtlReceiveStatus                    0x0800305d   Thumb Code    22  usbd_ioreq.o(i.USBD_CtlReceiveStatus)
    USBD_CtlSendData                         0x08003073   Thumb Code    26  usbd_ioreq.o(i.USBD_CtlSendData)
    USBD_CtlSendStatus                       0x0800308d   Thumb Code    22  usbd_ioreq.o(i.USBD_CtlSendStatus)
    USBD_FS_ConfigStrDescriptor              0x080030a5   Thumb Code    16  usbd_desc.o(i.USBD_FS_ConfigStrDescriptor)
    USBD_FS_DeviceDescriptor                 0x080030c5   Thumb Code     8  usbd_desc.o(i.USBD_FS_DeviceDescriptor)
    USBD_FS_InterfaceStrDescriptor           0x080030d1   Thumb Code    16  usbd_desc.o(i.USBD_FS_InterfaceStrDescriptor)
    USBD_FS_LangIDStrDescriptor              0x080030f5   Thumb Code     8  usbd_desc.o(i.USBD_FS_LangIDStrDescriptor)
    USBD_FS_ManufacturerStrDescriptor        0x08003101   Thumb Code    16  usbd_desc.o(i.USBD_FS_ManufacturerStrDescriptor)
    USBD_FS_ProductStrDescriptor             0x08003129   Thumb Code    16  usbd_desc.o(i.USBD_FS_ProductStrDescriptor)
    USBD_FS_SerialStrDescriptor              0x08003155   Thumb Code    48  usbd_desc.o(i.USBD_FS_SerialStrDescriptor)
    USBD_GetString                           0x08003275   Thumb Code    72  usbd_ctlreq.o(i.USBD_GetString)
    USBD_Init                                0x080032d5   Thumb Code    42  usbd_core.o(i.USBD_Init)
    USBD_LL_ClearStallEP                     0x080032ff   Thumb Code    18  usbd_conf.o(i.USBD_LL_ClearStallEP)
    USBD_LL_CloseEP                          0x08003311   Thumb Code    18  usbd_conf.o(i.USBD_LL_CloseEP)
    USBD_LL_DataInStage                      0x08003323   Thumb Code   198  usbd_core.o(i.USBD_LL_DataInStage)
    USBD_LL_DataOutStage                     0x080033e9   Thumb Code   130  usbd_core.o(i.USBD_LL_DataOutStage)
    USBD_LL_GetRxDataSize                    0x0800346b   Thumb Code     8  usbd_conf.o(i.USBD_LL_GetRxDataSize)
    USBD_LL_Init                             0x08003475   Thumb Code   118  usbd_conf.o(i.USBD_LL_Init)
    USBD_LL_IsStallEP                        0x080034f5   Thumb Code    32  usbd_conf.o(i.USBD_LL_IsStallEP)
    USBD_LL_OpenEP                           0x08003515   Thumb Code    24  usbd_conf.o(i.USBD_LL_OpenEP)
    USBD_LL_PrepareReceive                   0x0800352d   Thumb Code    18  usbd_conf.o(i.USBD_LL_PrepareReceive)
    USBD_LL_Reset                            0x0800353f   Thumb Code    80  usbd_core.o(i.USBD_LL_Reset)
    USBD_LL_Resume                           0x0800358f   Thumb Code    20  usbd_core.o(i.USBD_LL_Resume)
    USBD_LL_SOF                              0x080035a3   Thumb Code    24  usbd_core.o(i.USBD_LL_SOF)
    USBD_LL_SetSpeed                         0x080035bb   Thumb Code     6  usbd_core.o(i.USBD_LL_SetSpeed)
    USBD_LL_SetUSBAddress                    0x080035c1   Thumb Code    18  usbd_conf.o(i.USBD_LL_SetUSBAddress)
    USBD_LL_SetupStage                       0x080035d3   Thumb Code    90  usbd_core.o(i.USBD_LL_SetupStage)
    USBD_LL_StallEP                          0x0800362d   Thumb Code    18  usbd_conf.o(i.USBD_LL_StallEP)
    USBD_LL_Start                            0x0800363f   Thumb Code    18  usbd_conf.o(i.USBD_LL_Start)
    USBD_LL_Suspend                          0x08003651   Thumb Code    18  usbd_core.o(i.USBD_LL_Suspend)
    USBD_LL_Transmit                         0x08003663   Thumb Code    18  usbd_conf.o(i.USBD_LL_Transmit)
    USBD_ParseSetupRequest                   0x08003675   Thumb Code    40  usbd_ctlreq.o(i.USBD_ParseSetupRequest)
    USBD_RegisterClass                       0x0800369d   Thumb Code    16  usbd_core.o(i.USBD_RegisterClass)
    USBD_SetClassConfig                      0x080036ad   Thumb Code    22  usbd_core.o(i.USBD_SetClassConfig)
    USBD_Start                               0x08003749   Thumb Code    10  usbd_core.o(i.USBD_Start)
    USBD_StdDevReq                           0x08003753   Thumb Code   274  usbd_ctlreq.o(i.USBD_StdDevReq)
    USBD_StdEPReq                            0x08003865   Thumb Code   336  usbd_ctlreq.o(i.USBD_StdEPReq)
    USBD_StdItfReq                           0x080039b5   Thumb Code    78  usbd_ctlreq.o(i.USBD_StdItfReq)
    USBD_static_free                         0x08003a03   Thumb Code     2  usbd_conf.o(i.USBD_static_free)
    USBD_static_malloc                       0x08003a05   Thumb Code     4  usbd_conf.o(i.USBD_static_malloc)
    USB_ActivateEndpoint                     0x08003a0d   Thumb Code   600  stm32f1xx_ll_usb.o(i.USB_ActivateEndpoint)
    USB_CoreInit                             0x08003c65   Thumb Code     4  stm32f1xx_ll_usb.o(i.USB_CoreInit)
    USB_DeactivateEndpoint                   0x08003c69   Thumb Code   270  stm32f1xx_ll_usb.o(i.USB_DeactivateEndpoint)
    USB_DevConnect                           0x08003d77   Thumb Code     4  stm32f1xx_ll_usb.o(i.USB_DevConnect)
    USB_DevDisconnect                        0x08003d7b   Thumb Code     4  stm32f1xx_ll_usb.o(i.USB_DevDisconnect)
    USB_DevInit                              0x08003d7f   Thumb Code    18  stm32f1xx_ll_usb.o(i.USB_DevInit)
    USB_DisableGlobalInt                     0x08003d91   Thumb Code    14  stm32f1xx_ll_usb.o(i.USB_DisableGlobalInt)
    USB_EP0_OutStart                         0x08003d9f   Thumb Code     4  stm32f1xx_ll_usb.o(i.USB_EP0_OutStart)
    USB_EPClearStall                         0x08003da3   Thumb Code   120  stm32f1xx_ll_usb.o(i.USB_EPClearStall)
    USB_EPSetStall                           0x08003e1b   Thumb Code    50  stm32f1xx_ll_usb.o(i.USB_EPSetStall)
    USB_EPStartXfer                          0x08003e4d   Thumb Code  1230  stm32f1xx_ll_usb.o(i.USB_EPStartXfer)
    USB_EnableGlobalInt                      0x0800431b   Thumb Code    18  stm32f1xx_ll_usb.o(i.USB_EnableGlobalInt)
    USB_LP_CAN1_RX0_IRQHandler               0x0800432d   Thumb Code     6  stm32f1xx_it.o(i.USB_LP_CAN1_RX0_IRQHandler)
    USB_ReadInterrupts                       0x08004339   Thumb Code     6  stm32f1xx_ll_usb.o(i.USB_ReadInterrupts)
    USB_ReadPMA                              0x08004341   Thumb Code    44  stm32f1xx_ll_usb.o(i.USB_ReadPMA)
    USB_SetCurrentMode                       0x0800436d   Thumb Code     4  stm32f1xx_ll_usb.o(i.USB_SetCurrentMode)
    USB_SetDevAddress                        0x08004371   Thumb Code    12  stm32f1xx_ll_usb.o(i.USB_SetDevAddress)
    USB_WritePMA                             0x0800437d   Thumb Code    38  stm32f1xx_ll_usb.o(i.USB_WritePMA)
    UsageFault_Handler                       0x080043a3   Thumb Code     2  stm32f1xx_it.o(i.UsageFault_Handler)
    __aeabi_errno_addr                       0x080043c5   Thumb Code     4  errno.o(i.__aeabi_errno_addr)
    __rt_errno_addr                          0x080043c5   Thumb Code     0  errno.o(i.__aeabi_errno_addr)
    __scatterload_copy                       0x080043cd   Thumb Code    14  handlers.o(i.__scatterload_copy)
    __scatterload_null                       0x080043db   Thumb Code     2  handlers.o(i.__scatterload_null)
    __scatterload_zeroinit                   0x080043dd   Thumb Code    14  handlers.o(i.__scatterload_zeroinit)
    enableDataReadyInterrupt                 0x080043ed   Thumb Code    48  mpu9250_spi.o(i.enableDataReadyInterrupt)
    executeCmd                               0x08004421   Thumb Code    50  usbd_cdc_if.o(i.executeCmd)
    exteractCmd                              0x08004461   Thumb Code    78  usbd_cdc_if.o(i.exteractCmd)
    getMicros                                0x080044b9   Thumb Code    22  main.o(i.getMicros)
    main                                     0x080044d9   Thumb Code   290  main.o(i.main)
    mpu9250ReadReg                           0x08004621   Thumb Code    98  mpu9250_spi.o(i.mpu9250ReadReg)
    mpu9250WriteReg                          0x08004691   Thumb Code    64  mpu9250_spi.o(i.mpu9250WriteReg)
    mpuBegin                                 0x080046d9   Thumb Code   340  mpu9250_spi.o(i.mpuBegin)
    mpuReadSensor                            0x08004831   Thumb Code    90  mpu9250_spi.o(i.mpuReadSensor)
    pulse_trigger                            0x08004895   Thumb Code    48  main.o(i.pulse_trigger)
    readAK8963Registers                      0x080048cd   Thumb Code    84  mpu9250_spi.o(i.readAK8963Registers)
    readRegisters                            0x08004921   Thumb Code    16  mpu9250_spi.o(i.readRegisters)
    whoAmI                                   0x08004931   Thumb Code    28  mpu9250_spi.o(i.whoAmI)
    whoAmIAK8963                             0x08004951   Thumb Code    28  mpu9250_spi.o(i.whoAmIAK8963)
    writeAK8963Register                      0x08004971   Thumb Code   116  mpu9250_spi.o(i.writeAK8963Register)
    writeRegister                            0x080049e9   Thumb Code    44  mpu9250_spi.o(i.writeRegister)
    AHBPrescTable                            0x08004a18   Data          16  system_stm32f1xx.o(.constdata)
    __ctype_table                            0x08004a28   Data         129  ctype_o.o(.constdata)
    Region$$Table$$Base                      0x08004ab0   Number         0  anon$$obj.o(Region$$Table)
    Region$$Table$$Limit                     0x08004ad0   Number         0  anon$$obj.o(Region$$Table)
    _SPI_HS                                  0x20000000   Data           4  mpu9250_spi.o(.data)
    _accelScale                              0x20000004   Data           4  mpu9250_spi.o(.data)
    _gyroScale                               0x20000008   Data           4  mpu9250_spi.o(.data)
    newDataFlag                              0x2000000c   Data           2  main.o(.data)
    interrupt_num                            0x20000010   Data           4  main.o(.data)
    motor_cmd                                0x20000014   Data           4  main.o(.data)
    step_counter                             0x20000018   Data           4  main.o(.data)
    trigger_timeout                          0x2000001c   Data           4  main.o(.data)
    camera_timeout_val                       0x20000020   Data           4  main.o(.data)
    usb_transmit_timeout_val                 0x20000024   Data           4  main.o(.data)
    usb_transmit_counter                     0x20000028   Data           4  main.o(.data)
    camera_ts                                0x20000030   Data           4  main.o(.data)
    cdcPortOpenedFlag                        0x20000034   Data           2  main.o(.data)
    FS_Desc                                  0x20000038   Data          28  usbd_desc.o(.data)
    USBD_LangIDDesc                          0x20000054   Data           4  usbd_desc.o(.data)
    USBD_FS_DeviceDesc                       0x20000058   Data          18  usbd_desc.o(.data)
    USBD_StringSerial                        0x2000006c   Data          26  usbd_desc.o(.data)
    inprogress                               0x20000088   Data           4  usbd_cdc_if.o(.data)
    counter                                  0x2000008c   Data           4  usbd_cdc_if.o(.data)
    cmd                                      0x20000090   Data           4  usbd_cdc_if.o(.data)
    USBD_Interface_fops_FS                   0x20000094   Data          16  usbd_cdc_if.o(.data)
    cnt                                      0x200000a4   Data           2  stm32f1xx_it.o(.data)
    tim4_index                               0x200000a8   Data           4  stm32f1xx_it.o(.data)
    uwTickFreq                               0x200000ac   Data           1  stm32f1xx_hal.o(.data)
    uwTickPrio                               0x200000b0   Data           4  stm32f1xx_hal.o(.data)
    uwTick                                   0x200000b4   Data           4  stm32f1xx_hal.o(.data)
    SystemCoreClock                          0x200000b8   Data           4  system_stm32f1xx.o(.data)
    USBD_CDC_CfgHSDesc                       0x200000cc   Data          67  usbd_cdc.o(.data)
    USBD_CDC_CfgFSDesc                       0x20000110   Data          67  usbd_cdc.o(.data)
    USBD_CDC_OtherSpeedCfgDesc               0x20000154   Data          67  usbd_cdc.o(.data)
    USBD_CDC                                 0x20000198   Data          56  usbd_cdc.o(.data)
    _buffer                                  0x200001d4   Data          21  mpu9250_spi.o(.bss)
    hspi1                                    0x200001ec   Data          88  main.o(.bss)
    htim3                                    0x20000244   Data          72  main.o(.bss)
    htim4                                    0x2000028c   Data          72  main.o(.bss)
    rc_tmp_ts                                0x200002d4   Data          32  main.o(.bss)
    rc_dt                                    0x200002f4   Data          32  main.o(.bss)
    hUsbDeviceFS                             0x20000314   Data         708  usb_device.o(.bss)
    hpcd_USB_FS                              0x200007f8   Data         748  usbd_conf.o(.bss)
    USBD_StrDesc                             0x20000ae4   Data         512  usbd_desc.o(.bss)
    command                                  0x20000ce4   Data          32  usbd_cdc_if.o(.bss)
    UserRxBufferFS                           0x20000d04   Data        1000  usbd_cdc_if.o(.bss)
    UserTxBufferFS                           0x200010ec   Data        1000  usbd_cdc_if.o(.bss)
    __initial_sp                             0x200018d8   Data           0  startup_stm32f103xb.o(STACK)



==============================================================================

Memory Map of the image

  Image Entry point : 0x080000ed

  Load Region LR_IROM1 (Base: 0x08000000, Size: 0x00004ca4, Max: 0x00010000, ABSOLUTE, COMPRESSED[0x00004b9c])

    Execution Region ER_IROM1 (Base: 0x08000000, Size: 0x00004ad0, Max: 0x00010000, ABSOLUTE)

    Base Addr    Size         Type   Attr      Idx    E Section Name        Object

    0x08000000   0x000000ec   Data   RO            3    RESET               startup_stm32f103xb.o
    0x080000ec   0x00000000   Code   RO         4405  * .ARM.Collect$$$$00000000  mc_w.l(entry.o)
    0x080000ec   0x00000004   Code   RO         4428    .ARM.Collect$$$$00000001  mc_w.l(entry2.o)
    0x080000f0   0x00000004   Code   RO         4431    .ARM.Collect$$$$00000004  mc_w.l(entry5.o)
    0x080000f4   0x00000000   Code   RO         4433    .ARM.Collect$$$$00000008  mc_w.l(entry7b.o)
    0x080000f4   0x00000000   Code   RO         4435    .ARM.Collect$$$$0000000A  mc_w.l(entry8b.o)
    0x080000f4   0x00000008   Code   RO         4436    .ARM.Collect$$$$0000000B  mc_w.l(entry9a.o)
    0x080000fc   0x00000000   Code   RO         4438    .ARM.Collect$$$$0000000D  mc_w.l(entry10a.o)
    0x080000fc   0x00000000   Code   RO         4440    .ARM.Collect$$$$0000000F  mc_w.l(entry11a.o)
    0x080000fc   0x00000004   Code   RO         4429    .ARM.Collect$$$$00002712  mc_w.l(entry2.o)
    0x08000100   0x00000024   Code   RO            4    .text               startup_stm32f103xb.o
    0x08000124   0x00000024   Code   RO         4410    .text               mc_w.l(memcpya.o)
    0x08000148   0x00000024   Code   RO         4412    .text               mc_w.l(memseta.o)
    0x0800016c   0x0000001a   Code   RO         4416    .text               mc_w.l(atoi.o)
    0x08000186   0x000000b0   Code   RO         4418    .text               mf_w.l(fadd.o)
    0x08000236   0x00000064   Code   RO         4420    .text               mf_w.l(fmul.o)
    0x0800029a   0x0000007c   Code   RO         4422    .text               mf_w.l(fdiv.o)
    0x08000316   0x0000000a   Code   RO         4424    .text               mf_w.l(ffltui.o)
    0x08000320   0x00000028   Code   RO         4426    .text               mf_w.l(ffixui.o)
    0x08000348   0x00000070   Code   RO         4449    .text               mc_w.l(strtol.o)
    0x080003b8   0x00000000   Code   RO         4451    .text               mc_w.l(iusefp.o)
    0x080003b8   0x0000006e   Code   RO         4452    .text               mf_w.l(fepilogue.o)
    0x08000426   0x00000002   PAD
    0x08000428   0x00000024   Code   RO         4454    .text               mc_w.l(init.o)
    0x0800044c   0x00000008   Code   RO         4456    .text               mc_w.l(ctype_o.o)
    0x08000454   0x0000009e   Code   RO         4484    .text               mc_w.l(_strtoul.o)
    0x080004f2   0x0000001c   Code   RO         4486    .text               mc_w.l(_chval.o)
    0x0800050e   0x00000056   Code   RO         4496    .text               mc_w.l(__dczerorl2.o)
    0x08000564   0x00000002   Code   RO         1067    i.BusFault_Handler  stm32f1xx_it.o
    0x08000566   0x00000002   PAD
    0x08000568   0x00000024   Code   RO          893    i.CDC_Control_FS    usbd_cdc_if.o
    0x0800058c   0x00000004   Code   RO          894    i.CDC_DeInit_FS     usbd_cdc_if.o
    0x08000590   0x00000024   Code   RO          895    i.CDC_Init_FS       usbd_cdc_if.o
    0x080005b4   0x0000006c   Code   RO          896    i.CDC_Receive_FS    usbd_cdc_if.o
    0x08000620   0x0000002c   Code   RO          897    i.CDC_Transmit_FS   usbd_cdc_if.o
    0x0800064c   0x00000002   Code   RO         1068    i.DebugMon_Handler  stm32f1xx_it.o
    0x0800064e   0x00000002   PAD
    0x08000650   0x00000010   Code   RO         1069    i.EXTI0_IRQHandler  stm32f1xx_it.o
    0x08000660   0x0000002e   Code   RO         1070    i.EXTI15_10_IRQHandler  stm32f1xx_it.o
    0x0800068e   0x00000006   Code   RO         1071    i.EXTI3_IRQHandler  stm32f1xx_it.o
    0x08000694   0x00000006   Code   RO         1072    i.EXTI4_IRQHandler  stm32f1xx_it.o
    0x0800069a   0x00000016   Code   RO         1073    i.EXTI9_5_IRQHandler  stm32f1xx_it.o
    0x080006b0   0x00000002   Code   RO          327    i.Error_Handler     main.o
    0x080006b2   0x00000002   PAD
    0x080006b4   0x00000024   Code   RO         1738    i.HAL_Delay         stm32f1xx_hal.o
    0x080006d8   0x00000198   Code   RO          328    i.HAL_GPIO_EXTI_Callback  main.o
    0x08000870   0x00000018   Code   RO         2045    i.HAL_GPIO_EXTI_IRQHandler  stm32f1xx_hal_gpio.o
    0x08000888   0x000001e0   Code   RO         2046    i.HAL_GPIO_Init     stm32f1xx_hal_gpio.o
    0x08000a68   0x0000000a   Code   RO         2048    i.HAL_GPIO_ReadPin  stm32f1xx_hal_gpio.o
    0x08000a72   0x0000000a   Code   RO         2050    i.HAL_GPIO_WritePin  stm32f1xx_hal_gpio.o
    0x08000a7c   0x0000000c   Code   RO         1742    i.HAL_GetTick       stm32f1xx_hal.o
    0x08000a88   0x00000010   Code   RO         1748    i.HAL_IncTick       stm32f1xx_hal.o
    0x08000a98   0x00000024   Code   RO         1749    i.HAL_Init          stm32f1xx_hal.o
    0x08000abc   0x00000040   Code   RO         1750    i.HAL_InitTick      stm32f1xx_hal.o
    0x08000afc   0x0000003c   Code   RO         1194    i.HAL_MspInit       stm32f1xx_hal_msp.o
    0x08000b38   0x0000001a   Code   RO         2206    i.HAL_NVIC_EnableIRQ  stm32f1xx_hal_cortex.o
    0x08000b52   0x00000002   PAD
    0x08000b54   0x00000040   Code   RO         2212    i.HAL_NVIC_SetPriority  stm32f1xx_hal_cortex.o
    0x08000b94   0x00000024   Code   RO         2213    i.HAL_NVIC_SetPriorityGrouping  stm32f1xx_hal_cortex.o
    0x08000bb8   0x0000003c   Code   RO         1511    i.HAL_PCDEx_PMAConfig  stm32f1xx_hal_pcd_ex.o
    0x08000bf4   0x00000002   Code   RO          595    i.HAL_PCDEx_SetConnectionState  usbd_conf.o
    0x08000bf6   0x00000012   Code   RO          597    i.HAL_PCD_DataInStageCallback  usbd_conf.o
    0x08000c08   0x00000014   Code   RO          598    i.HAL_PCD_DataOutStageCallback  usbd_conf.o
    0x08000c1c   0x0000004c   Code   RO         1287    i.HAL_PCD_EP_Close  stm32f1xx_hal_pcd.o
    0x08000c68   0x0000005c   Code   RO         1288    i.HAL_PCD_EP_ClrStall  stm32f1xx_hal_pcd.o
    0x08000cc4   0x000000e6   Code   RO         1289    i.HAL_PCD_EP_DB_Receive  stm32f1xx_hal_pcd.o
    0x08000daa   0x00000220   Code   RO         1290    i.HAL_PCD_EP_DB_Transmit  stm32f1xx_hal_pcd.o
    0x08000fca   0x00000012   Code   RO         1292    i.HAL_PCD_EP_GetRxCount  stm32f1xx_hal_pcd.o
    0x08000fdc   0x00000060   Code   RO         1293    i.HAL_PCD_EP_Open   stm32f1xx_hal_pcd.o
    0x0800103c   0x00000032   Code   RO         1294    i.HAL_PCD_EP_Receive  stm32f1xx_hal_pcd.o
    0x0800106e   0x00000072   Code   RO         1295    i.HAL_PCD_EP_SetStall  stm32f1xx_hal_pcd.o
    0x080010e0   0x00000034   Code   RO         1296    i.HAL_PCD_EP_Transmit  stm32f1xx_hal_pcd.o
    0x08001114   0x00000154   Code   RO         1298    i.HAL_PCD_IRQHandler  stm32f1xx_hal_pcd.o
    0x08001268   0x000000da   Code   RO         1301    i.HAL_PCD_Init      stm32f1xx_hal_pcd.o
    0x08001342   0x00000002   PAD
    0x08001344   0x0000003c   Code   RO          603    i.HAL_PCD_MspInit   usbd_conf.o
    0x08001380   0x00000026   Code   RO          604    i.HAL_PCD_ResetCallback  usbd_conf.o
    0x080013a6   0x00000008   Code   RO          605    i.HAL_PCD_ResumeCallback  usbd_conf.o
    0x080013ae   0x00000008   Code   RO          606    i.HAL_PCD_SOFCallback  usbd_conf.o
    0x080013b6   0x00000028   Code   RO         1307    i.HAL_PCD_SetAddress  stm32f1xx_hal_pcd.o
    0x080013de   0x0000000e   Code   RO          607    i.HAL_PCD_SetupStageCallback  usbd_conf.o
    0x080013ec   0x00000032   Code   RO         1309    i.HAL_PCD_Start     stm32f1xx_hal_pcd.o
    0x0800141e   0x00000002   PAD
    0x08001420   0x00000024   Code   RO          608    i.HAL_PCD_SuspendCallback  usbd_conf.o
    0x08001444   0x000000ec   Code   RO         2009    i.HAL_RCCEx_PeriphCLKConfig  stm32f1xx_hal_rcc_ex.o
    0x08001530   0x0000012c   Code   RO         1906    i.HAL_RCC_ClockConfig  stm32f1xx_hal_rcc.o
    0x0800165c   0x0000006c   Code   RO         1915    i.HAL_RCC_GetSysClockFreq  stm32f1xx_hal_rcc.o
    0x080016c8   0x00000320   Code   RO         1918    i.HAL_RCC_OscConfig  stm32f1xx_hal_rcc.o
    0x080019e8   0x000000b2   Code   RO         2717    i.HAL_SPI_Init      stm32f1xx_hal_spi.o
    0x08001a9a   0x00000002   PAD
    0x08001a9c   0x00000070   Code   RO         1196    i.HAL_SPI_MspInit   stm32f1xx_hal_msp.o
    0x08001b0c   0x0000015a   Code   RO         2720    i.HAL_SPI_Receive   stm32f1xx_hal_spi.o
    0x08001c66   0x00000166   Code   RO         2725    i.HAL_SPI_Transmit  stm32f1xx_hal_spi.o
    0x08001dcc   0x000001e2   Code   RO         2726    i.HAL_SPI_TransmitReceive  stm32f1xx_hal_spi.o
    0x08001fae   0x00000028   Code   RO         2217    i.HAL_SYSTICK_Config  stm32f1xx_hal_cortex.o
    0x08001fd6   0x00000002   Code   RO         3734    i.HAL_TIMEx_BreakCallback  stm32f1xx_hal_tim_ex.o
    0x08001fd8   0x00000002   Code   RO         3735    i.HAL_TIMEx_CommutCallback  stm32f1xx_hal_tim_ex.o
    0x08001fda   0x00000002   PAD
    0x08001fdc   0x00000068   Code   RO         3753    i.HAL_TIMEx_MasterConfigSynchronization  stm32f1xx_hal_tim_ex.o
    0x08002044   0x0000005a   Code   RO         3030    i.HAL_TIM_Base_Init  stm32f1xx_hal_tim.o
    0x0800209e   0x00000002   PAD
    0x080020a0   0x00000064   Code   RO         1198    i.HAL_TIM_Base_MspInit  stm32f1xx_hal_msp.o
    0x08002104   0x00000058   Code   RO         3035    i.HAL_TIM_Base_Start_IT  stm32f1xx_hal_tim.o
    0x0800215c   0x000000d6   Code   RO         3039    i.HAL_TIM_ConfigClockSource  stm32f1xx_hal_tim.o
    0x08002232   0x00000002   Code   RO         3064    i.HAL_TIM_IC_CaptureCallback  stm32f1xx_hal_tim.o
    0x08002234   0x00000166   Code   RO         3078    i.HAL_TIM_IRQHandler  stm32f1xx_hal_tim.o
    0x0800239a   0x00000002   Code   RO         3081    i.HAL_TIM_OC_DelayElapsedCallback  stm32f1xx_hal_tim.o
    0x0800239c   0x00000002   Code   RO         3108    i.HAL_TIM_PWM_PulseFinishedCallback  stm32f1xx_hal_tim.o
    0x0800239e   0x00000002   Code   RO         3116    i.HAL_TIM_PeriodElapsedCallback  stm32f1xx_hal_tim.o
    0x080023a0   0x00000002   Code   RO         3121    i.HAL_TIM_TriggerCallback  stm32f1xx_hal_tim.o
    0x080023a2   0x00000002   Code   RO         1074    i.HardFault_Handler  stm32f1xx_it.o
    0x080023a4   0x00000038   Code   RO          807    i.IntToUnicode      usbd_desc.o
    0x080023dc   0x0000018c   Code   RO          329    i.MX_GPIO_Init      main.o
    0x08002568   0x00000040   Code   RO          330    i.MX_SPI1_Init      main.o
    0x080025a8   0x00000060   Code   RO          331    i.MX_TIM3_Init      main.o
    0x08002608   0x00000060   Code   RO          332    i.MX_TIM4_Init      main.o
    0x08002668   0x00000054   Code   RO          535    i.MX_USB_DEVICE_Init  usb_device.o
    0x080026bc   0x00000002   Code   RO         1075    i.MemManage_Handler  stm32f1xx_it.o
    0x080026be   0x00000002   Code   RO         1076    i.NMI_Handler       stm32f1xx_it.o
    0x080026c0   0x000002fc   Code   RO         1313    i.PCD_EP_ISR_Handler  stm32f1xx_hal_pcd.o
    0x080029bc   0x00000002   Code   RO         1077    i.PendSV_Handler    stm32f1xx_it.o
    0x080029be   0x0000005c   Code   RO         2754    i.SPI_EndRxTransaction  stm32f1xx_hal_spi.o
    0x08002a1a   0x00000020   Code   RO         2755    i.SPI_EndRxTxTransaction  stm32f1xx_hal_spi.o
    0x08002a3a   0x00000002   PAD
    0x08002a3c   0x000000b8   Code   RO         2760    i.SPI_WaitFlagStateUntilTimeout  stm32f1xx_hal_spi.o
    0x08002af4   0x00000002   Code   RO         1078    i.SVC_Handler       stm32f1xx_it.o
    0x08002af6   0x00000004   Code   RO         1079    i.SysTick_Handler   stm32f1xx_it.o
    0x08002afa   0x00000070   Code   RO          333    i.SystemClock_Config  main.o
    0x08002b6a   0x00000002   PAD
    0x08002b6c   0x00000048   Code   RO         4002    i.SystemInit        system_stm32f1xx.o
    0x08002bb4   0x00000080   Code   RO         1080    i.TIM3_IRQHandler   stm32f1xx_it.o
    0x08002c34   0x00000018   Code   RO         1081    i.TIM4_IRQHandler   stm32f1xx_it.o
    0x08002c4c   0x0000006c   Code   RO         3123    i.TIM_Base_SetConfig  stm32f1xx_hal_tim.o
    0x08002cb8   0x00000014   Code   RO         3134    i.TIM_ETR_SetConfig  stm32f1xx_hal_tim.o
    0x08002ccc   0x00000010   Code   RO         3135    i.TIM_ITRx_SetConfig  stm32f1xx_hal_tim.o
    0x08002cdc   0x00000022   Code   RO         3141    i.TIM_TI1_ConfigInputStage  stm32f1xx_hal_tim.o
    0x08002cfe   0x00000024   Code   RO         3143    i.TIM_TI2_ConfigInputStage  stm32f1xx_hal_tim.o
    0x08002d22   0x00000046   Code   RO         4302    i.USBD_CDC_DataIn   usbd_cdc.o
    0x08002d68   0x0000002e   Code   RO         4303    i.USBD_CDC_DataOut  usbd_cdc.o
    0x08002d96   0x00000044   Code   RO         4304    i.USBD_CDC_DeInit   usbd_cdc.o
    0x08002dda   0x00000024   Code   RO         4305    i.USBD_CDC_EP0_RxReady  usbd_cdc.o
    0x08002dfe   0x00000002   PAD
    0x08002e00   0x0000000c   Code   RO         4306    i.USBD_CDC_GetDeviceQualifierDescriptor  usbd_cdc.o
    0x08002e0c   0x0000000c   Code   RO         4307    i.USBD_CDC_GetFSCfgDesc  usbd_cdc.o
    0x08002e18   0x0000000c   Code   RO         4308    i.USBD_CDC_GetHSCfgDesc  usbd_cdc.o
    0x08002e24   0x0000000c   Code   RO         4309    i.USBD_CDC_GetOtherSpeedCfgDesc  usbd_cdc.o
    0x08002e30   0x00000094   Code   RO         4310    i.USBD_CDC_Init     usbd_cdc.o
    0x08002ec4   0x00000028   Code   RO         4311    i.USBD_CDC_ReceivePacket  usbd_cdc.o
    0x08002eec   0x00000010   Code   RO         4312    i.USBD_CDC_RegisterInterface  usbd_cdc.o
    0x08002efc   0x0000000c   Code   RO         4313    i.USBD_CDC_SetRxBuffer  usbd_cdc.o
    0x08002f08   0x00000010   Code   RO         4314    i.USBD_CDC_SetTxBuffer  usbd_cdc.o
    0x08002f18   0x000000ac   Code   RO         4315    i.USBD_CDC_Setup    usbd_cdc.o
    0x08002fc4   0x00000036   Code   RO         4316    i.USBD_CDC_TransmitPacket  usbd_cdc.o
    0x08002ffa   0x0000000e   Code   RO         4039    i.USBD_ClrClassConfig  usbd_core.o
    0x08003008   0x00000010   Code   RO         4242    i.USBD_CtlContinueRx  usbd_ioreq.o
    0x08003018   0x00000010   Code   RO         4243    i.USBD_CtlContinueSendData  usbd_ioreq.o
    0x08003028   0x00000016   Code   RO         4177    i.USBD_CtlError     usbd_ctlreq.o
    0x0800303e   0x0000001e   Code   RO         4244    i.USBD_CtlPrepareRx  usbd_ioreq.o
    0x0800305c   0x00000016   Code   RO         4245    i.USBD_CtlReceiveStatus  usbd_ioreq.o
    0x08003072   0x0000001a   Code   RO         4246    i.USBD_CtlSendData  usbd_ioreq.o
    0x0800308c   0x00000016   Code   RO         4247    i.USBD_CtlSendStatus  usbd_ioreq.o
    0x080030a2   0x00000002   PAD
    0x080030a4   0x00000020   Code   RO          808    i.USBD_FS_ConfigStrDescriptor  usbd_desc.o
    0x080030c4   0x0000000c   Code   RO          809    i.USBD_FS_DeviceDescriptor  usbd_desc.o
    0x080030d0   0x00000024   Code   RO          810    i.USBD_FS_InterfaceStrDescriptor  usbd_desc.o
    0x080030f4   0x0000000c   Code   RO          811    i.USBD_FS_LangIDStrDescriptor  usbd_desc.o
    0x08003100   0x00000028   Code   RO          812    i.USBD_FS_ManufacturerStrDescriptor  usbd_desc.o
    0x08003128   0x0000002c   Code   RO          813    i.USBD_FS_ProductStrDescriptor  usbd_desc.o
    0x08003154   0x00000038   Code   RO          814    i.USBD_FS_SerialStrDescriptor  usbd_desc.o
    0x0800318c   0x000000e8   Code   RO         4178    i.USBD_GetDescriptor  usbd_ctlreq.o
    0x08003274   0x00000048   Code   RO         4179    i.USBD_GetString    usbd_ctlreq.o
    0x080032bc   0x00000018   Code   RO          609    i.USBD_Get_USB_Status  usbd_conf.o
    0x080032d4   0x0000002a   Code   RO         4041    i.USBD_Init         usbd_core.o
    0x080032fe   0x00000012   Code   RO          610    i.USBD_LL_ClearStallEP  usbd_conf.o
    0x08003310   0x00000012   Code   RO          611    i.USBD_LL_CloseEP   usbd_conf.o
    0x08003322   0x000000c6   Code   RO         4042    i.USBD_LL_DataInStage  usbd_core.o
    0x080033e8   0x00000082   Code   RO         4043    i.USBD_LL_DataOutStage  usbd_core.o
    0x0800346a   0x00000008   Code   RO          615    i.USBD_LL_GetRxDataSize  usbd_conf.o
    0x08003472   0x00000002   PAD
    0x08003474   0x00000080   Code   RO          616    i.USBD_LL_Init      usbd_conf.o
    0x080034f4   0x00000020   Code   RO          617    i.USBD_LL_IsStallEP  usbd_conf.o
    0x08003514   0x00000018   Code   RO          618    i.USBD_LL_OpenEP    usbd_conf.o
    0x0800352c   0x00000012   Code   RO          619    i.USBD_LL_PrepareReceive  usbd_conf.o
    0x0800353e   0x00000050   Code   RO         4048    i.USBD_LL_Reset     usbd_core.o
    0x0800358e   0x00000014   Code   RO         4049    i.USBD_LL_Resume    usbd_core.o
    0x080035a2   0x00000018   Code   RO         4050    i.USBD_LL_SOF       usbd_core.o
    0x080035ba   0x00000006   Code   RO         4051    i.USBD_LL_SetSpeed  usbd_core.o
    0x080035c0   0x00000012   Code   RO          620    i.USBD_LL_SetUSBAddress  usbd_conf.o
    0x080035d2   0x0000005a   Code   RO         4052    i.USBD_LL_SetupStage  usbd_core.o
    0x0800362c   0x00000012   Code   RO          621    i.USBD_LL_StallEP   usbd_conf.o
    0x0800363e   0x00000012   Code   RO          622    i.USBD_LL_Start     usbd_conf.o
    0x08003650   0x00000012   Code   RO         4053    i.USBD_LL_Suspend   usbd_core.o
    0x08003662   0x00000012   Code   RO          624    i.USBD_LL_Transmit  usbd_conf.o
    0x08003674   0x00000028   Code   RO         4180    i.USBD_ParseSetupRequest  usbd_ctlreq.o
    0x0800369c   0x00000010   Code   RO         4054    i.USBD_RegisterClass  usbd_core.o
    0x080036ac   0x00000016   Code   RO         4056    i.USBD_SetClassConfig  usbd_core.o
    0x080036c2   0x00000002   PAD
    0x080036c4   0x00000084   Code   RO         4181    i.USBD_SetConfig    usbd_ctlreq.o
    0x08003748   0x0000000a   Code   RO         4057    i.USBD_Start        usbd_core.o
    0x08003752   0x00000112   Code   RO         4182    i.USBD_StdDevReq    usbd_ctlreq.o
    0x08003864   0x00000150   Code   RO         4183    i.USBD_StdEPReq     usbd_ctlreq.o
    0x080039b4   0x0000004e   Code   RO         4184    i.USBD_StdItfReq    usbd_ctlreq.o
    0x08003a02   0x00000002   Code   RO          625    i.USBD_static_free  usbd_conf.o
    0x08003a04   0x00000008   Code   RO          626    i.USBD_static_malloc  usbd_conf.o
    0x08003a0c   0x00000258   Code   RO         1551    i.USB_ActivateEndpoint  stm32f1xx_ll_usb.o
    0x08003c64   0x00000004   Code   RO         1554    i.USB_CoreInit      stm32f1xx_ll_usb.o
    0x08003c68   0x0000010e   Code   RO         1556    i.USB_DeactivateEndpoint  stm32f1xx_ll_usb.o
    0x08003d76   0x00000004   Code   RO         1557    i.USB_DevConnect    stm32f1xx_ll_usb.o
    0x08003d7a   0x00000004   Code   RO         1558    i.USB_DevDisconnect  stm32f1xx_ll_usb.o
    0x08003d7e   0x00000012   Code   RO         1559    i.USB_DevInit       stm32f1xx_ll_usb.o
    0x08003d90   0x0000000e   Code   RO         1560    i.USB_DisableGlobalInt  stm32f1xx_ll_usb.o
    0x08003d9e   0x00000004   Code   RO         1561    i.USB_EP0_OutStart  stm32f1xx_ll_usb.o
    0x08003da2   0x00000078   Code   RO         1562    i.USB_EPClearStall  stm32f1xx_ll_usb.o
    0x08003e1a   0x00000032   Code   RO         1563    i.USB_EPSetStall    stm32f1xx_ll_usb.o
    0x08003e4c   0x000004ce   Code   RO         1564    i.USB_EPStartXfer   stm32f1xx_ll_usb.o
    0x0800431a   0x00000012   Code   RO         1565    i.USB_EnableGlobalInt  stm32f1xx_ll_usb.o
    0x0800432c   0x0000000c   Code   RO         1082    i.USB_LP_CAN1_RX0_IRQHandler  stm32f1xx_it.o
    0x08004338   0x00000006   Code   RO         1572    i.USB_ReadInterrupts  stm32f1xx_ll_usb.o
    0x0800433e   0x00000002   PAD
    0x08004340   0x0000002c   Code   RO         1573    i.USB_ReadPMA       stm32f1xx_ll_usb.o
    0x0800436c   0x00000004   Code   RO         1574    i.USB_SetCurrentMode  stm32f1xx_ll_usb.o
    0x08004370   0x0000000c   Code   RO         1575    i.USB_SetDevAddress  stm32f1xx_ll_usb.o
    0x0800437c   0x00000026   Code   RO         1577    i.USB_WritePMA      stm32f1xx_ll_usb.o
    0x080043a2   0x00000002   Code   RO         1083    i.UsageFault_Handler  stm32f1xx_it.o
    0x080043a4   0x00000020   Code   RO         2219    i.__NVIC_SetPriority  stm32f1xx_hal_cortex.o
    0x080043c4   0x00000008   Code   RO         4442    i.__aeabi_errno_addr  mc_w.l(errno.o)
    0x080043cc   0x0000000e   Code   RO         4490    i.__scatterload_copy  mc_w.l(handlers.o)
    0x080043da   0x00000002   Code   RO         4491    i.__scatterload_null  mc_w.l(handlers.o)
    0x080043dc   0x0000000e   Code   RO         4492    i.__scatterload_zeroinit  mc_w.l(handlers.o)
    0x080043ea   0x00000002   PAD
    0x080043ec   0x00000034   Code   RO           14    i.enableDataReadyInterrupt  mpu9250_spi.o
    0x08004420   0x00000040   Code   RO          898    i.executeCmd        usbd_cdc_if.o
    0x08004460   0x00000058   Code   RO          899    i.exteractCmd       usbd_cdc_if.o
    0x080044b8   0x00000020   Code   RO          334    i.getMicros         main.o
    0x080044d8   0x00000148   Code   RO          335    i.main              main.o
    0x08004620   0x00000070   Code   RO           15    i.mpu9250ReadReg    mpu9250_spi.o
    0x08004690   0x00000048   Code   RO           16    i.mpu9250WriteReg   mpu9250_spi.o
    0x080046d8   0x00000158   Code   RO           17    i.mpuBegin          mpu9250_spi.o
    0x08004830   0x00000064   Code   RO           19    i.mpuReadSensor     mpu9250_spi.o
    0x08004894   0x00000038   Code   RO          336    i.pulse_trigger     main.o
    0x080048cc   0x00000054   Code   RO           20    i.readAK8963Registers  mpu9250_spi.o
    0x08004920   0x00000010   Code   RO           21    i.readRegisters     mpu9250_spi.o
    0x08004930   0x00000020   Code   RO           26    i.whoAmI            mpu9250_spi.o
    0x08004950   0x00000020   Code   RO           27    i.whoAmIAK8963      mpu9250_spi.o
    0x08004970   0x00000078   Code   RO           28    i.writeAK8963Register  mpu9250_spi.o
    0x080049e8   0x00000030   Code   RO           29    i.writeRegister     mpu9250_spi.o
    0x08004a18   0x00000010   Data   RO         4003    .constdata          system_stm32f1xx.o
    0x08004a28   0x00000081   Data   RO         4457    .constdata          mc_w.l(ctype_o.o)
    0x08004aa9   0x00000003   PAD
    0x08004aac   0x00000004   Data   RO         4458    .constdata          mc_w.l(ctype_o.o)
    0x08004ab0   0x00000020   Data   RO         4488    Region$$Table       anon$$obj.o


    Execution Region RW_IRAM1 (Base: 0x20000000, Size: 0x000018d8, Max: 0x00005000, ABSOLUTE, COMPRESSED[0x000000cc])

    Base Addr    Size         Type   Attr      Idx    E Section Name        Object

    0x20000000   0x0000000c   Data   RW          113    .data               mpu9250_spi.o
    0x2000000c   0x00000028   Data   RW          338    .data               main.o
    0x20000034   0x00000002   Data   RW          339    .data               main.o
    0x20000036   0x00000002   PAD
    0x20000038   0x0000001c   Data   RW          816    .data               usbd_desc.o
    0x20000054   0x00000032   Data   RW          817    .data               usbd_desc.o
    0x20000086   0x00000002   PAD
    0x20000088   0x0000000c   Data   RW          901    .data               usbd_cdc_if.o
    0x20000094   0x00000010   Data   RW          902    .data               usbd_cdc_if.o
    0x200000a4   0x00000008   Data   RW         1084    .data               stm32f1xx_it.o
    0x200000ac   0x0000000c   Data   RW         1756    .data               stm32f1xx_hal.o
    0x200000b8   0x00000004   Data   RW         4005    .data               system_stm32f1xx.o
    0x200000bc   0x00000001   Data   RW         4185    .data               usbd_ctlreq.o
    0x200000bd   0x00000003   PAD
    0x200000c0   0x000000d7   Data   RW         4317    .data               usbd_cdc.o
    0x20000197   0x00000001   PAD
    0x20000198   0x00000038   Data   RW         4318    .data               usbd_cdc.o
    0x200001d0   0x00000004   Data   RW         4445    .data               mc_w.l(errno.o)
    0x200001d4   0x00000015   Zero   RW           30    .bss                mpu9250_spi.o
    0x200001e9   0x00000003   PAD
    0x200001ec   0x00000128   Zero   RW          337    .bss                main.o
    0x20000314   0x000002c4   Zero   RW          536    .bss                usb_device.o
    0x200005d8   0x0000050c   Zero   RW          627    .bss                usbd_conf.o
    0x20000ae4   0x00000200   Zero   RW          815    .bss                usbd_desc.o
    0x20000ce4   0x000007f0   Zero   RW          900    .bss                usbd_cdc_if.o
    0x200014d4   0x00000004   PAD
    0x200014d8   0x00000400   Zero   RW            1    STACK               startup_stm32f103xb.o


==============================================================================

Image component sizes


      Code (inc. data)   RO Data    RW Data    ZI Data      Debug   Object Name

      1590        124          0         42        296     424074   main.o
      1012         56          0         12         21     448813   mpu9250_spi.o
        36          8        236          0       1024        828   startup_stm32f103xb.o
       164         28          0         12          0       6093   stm32f1xx_hal.o
       198         14          0          0          0      29107   stm32f1xx_hal_cortex.o
       524         40          0          0          0       4234   stm32f1xx_hal_gpio.o
       272         36          0          0          0       2291   stm32f1xx_hal_msp.o
      2684          0          0          0          0      13565   stm32f1xx_hal_pcd.o
        60          0          0          0          0       1222   stm32f1xx_hal_pcd_ex.o
      1208         76          0          0          0       4166   stm32f1xx_hal_rcc.o
       236         12          0          0          0       1436   stm32f1xx_hal_rcc_ex.o
      1672          4          0          0          0       8346   stm32f1xx_hal_spi.o
       974         26          0          0          0      10545   stm32f1xx_hal_tim.o
       108         12          0          0          0       2469   stm32f1xx_hal_tim_ex.o
       280         42          0          8          0       8690   stm32f1xx_it.o
      2440          0          0          0          0      16475   stm32f1xx_ll_usb.o
        72         16         16          4          0       1235   system_stm32f1xx.o
        84         18          0          0        708       5404   usb_device.o
       726         16          0        271          0      13482   usbd_cdc.o
       380         60          0         28       2032      11631   usbd_cdc_if.o
       556         30          0          0       1292      14065   usbd_conf.o
       670          0          0          0          0       9811   usbd_core.o
      1186         28          0          1          0       8140   usbd_ctlreq.o
       288        104          0         78        512       5905   usbd_desc.o
       132          0          0          0          0       4500   usbd_ioreq.o

    ----------------------------------------------------------------------
     17584        750        284        464       5892    1056527   Object Totals
         0          0         32          0          0          0   (incl. Generated)
        32          0          0          8          7          0   (incl. Padding)

    ----------------------------------------------------------------------

      Code (inc. data)   RO Data    RW Data    ZI Data      Debug   Library Member Name

        86          0          0          0          0          0   __dczerorl2.o
        28          0          0          0          0         68   _chval.o
       158          0          0          0          0         92   _strtoul.o
        26          0          0          0          0         80   atoi.o
         8          4        133          0          0         68   ctype_o.o
         0          0          0          0          0          0   entry.o
         0          0          0          0          0          0   entry10a.o
         0          0          0          0          0          0   entry11a.o
         8          4          0          0          0          0   entry2.o
         4          0          0          0          0          0   entry5.o
         0          0          0          0          0          0   entry7b.o
         0          0          0          0          0          0   entry8b.o
         8          4          0          0          0          0   entry9a.o
         8          4          0          4          0         68   errno.o
        30          0          0          0          0          0   handlers.o
        36          8          0          0          0         68   init.o
         0          0          0          0          0          0   iusefp.o
        36          0          0          0          0         68   memcpya.o
        36          0          0          0          0        108   memseta.o
       112          0          0          0          0         88   strtol.o
       176          0          0          0          0        140   fadd.o
       124          0          0          0          0         88   fdiv.o
       110          0          0          0          0        168   fepilogue.o
        40          0          0          0          0         68   ffixui.o
        10          0          0          0          0         68   ffltui.o
       100          0          0          0          0         76   fmul.o

    ----------------------------------------------------------------------
      1148         24        136          4          0       1316   Library Totals
         4          0          3          0          0          0   (incl. Padding)

    ----------------------------------------------------------------------

      Code (inc. data)   RO Data    RW Data    ZI Data      Debug   Library Name

       584         24        133          4          0        708   mc_w.l
       560          0          0          0          0        608   mf_w.l

    ----------------------------------------------------------------------
      1148         24        136          4          0       1316   Library Totals

    ----------------------------------------------------------------------

==============================================================================


      Code (inc. data)   RO Data    RW Data    ZI Data      Debug   

     18732        774        420        468       5892    1047415   Grand Totals
     18732        774        420        204       5892    1047415   ELF Image Totals (compressed)
     18732        774        420        204          0          0   ROM Totals

==============================================================================

    Total RO  Size (Code + RO Data)                19152 (  18.70kB)
    Total RW  Size (RW Data + ZI Data)              6360 (   6.21kB)
    Total ROM Size (Code + RO Data + RW Data)      19356 (  18.90kB)

==============================================================================

